Archive member included to satisfy reference by file (symbol)

C:/devkitPro/wut/lib\libwut.a(coreinit.o)
                              main.o (DCFlushRange)
C:/devkitPro/wut/lib\libwut.a(crt0_rpx.o)
                              (__rpx_start)
C:/devkitPro/wut/lib\libwut.a(wut_preinit.o)
                              C:/devkitPro/wut/lib\libwut.a(crt0_rpx.o) (__preinit_user)
C:/devkitPro/wut/lib\libwut.a(wut_crt.o)
                              C:/devkitPro/wut/lib\libwut.a(crt0_rpx.o) (__init_wut)
C:/devkitPro/wut/lib\libwut.a(wut_newlib.o)
                              C:/devkitPro/wut/lib\libwut.a(wut_crt.o) (__init_wut_newlib)
C:/devkitPro/wut/lib\libwut.a(wut_gettod_r.o)
                              C:/devkitPro/wut/lib\libwut.a(wut_newlib.o) (__wut_gettod_r)
C:/devkitPro/wut/lib\libwut.a(wut_nanosleep.o)
                              C:/devkitPro/wut/lib\libwut.a(wut_newlib.o) (__wut_nanosleep)
C:/devkitPro/wut/lib\libwut.a(wut_sbrk.o)
                              C:/devkitPro/wut/lib\libwut.a(wut_newlib.o) (__wut_sbrk_r)
C:/devkitPro/wut/lib\libwut.a(wut_malloc_lock.o)
                              C:/devkitPro/wut/lib\libwut.a(wut_newlib.o) (__wut_malloc_lock)
C:/devkitPro/wut/lib\libwut.a(devoptab_fs.o)
                              C:/devkitPro/wut/lib\libwut.a(wut_crt.o) (__init_wut_devoptab)
C:/devkitPro/wut/lib\libwut.a(devoptab_fs_dirclose.o)
                              C:/devkitPro/wut/lib\libwut.a(devoptab_fs.o) (__wut_fs_dirclose)
C:/devkitPro/wut/lib\libwut.a(devoptab_fs_seek.o)
                              C:/devkitPro/wut/lib\libwut.a(devoptab_fs.o) (__wut_fs_seek)
C:/devkitPro/wut/lib\libwut.a(devoptab_fs_dirreset.o)
                              C:/devkitPro/wut/lib\libwut.a(devoptab_fs.o) (__wut_fs_dirreset)
C:/devkitPro/wut/lib\libwut.a(devoptab_fs_rmdir.o)
                              C:/devkitPro/wut/lib\libwut.a(devoptab_fs.o) (__wut_fs_rmdir)
C:/devkitPro/wut/lib\libwut.a(devoptab_fs_close.o)
                              C:/devkitPro/wut/lib\libwut.a(devoptab_fs.o) (__wut_fs_close)
C:/devkitPro/wut/lib\libwut.a(devoptab_fs_write.o)
                              C:/devkitPro/wut/lib\libwut.a(devoptab_fs.o) (__wut_fs_write)
C:/devkitPro/wut/lib\libwut.a(devoptab_fs_chmod.o)
                              C:/devkitPro/wut/lib\libwut.a(devoptab_fs.o) (__wut_fs_chmod)
C:/devkitPro/wut/lib\libwut.a(devoptab_fs_fchmod.o)
                              C:/devkitPro/wut/lib\libwut.a(devoptab_fs.o) (__wut_fs_fchmod)
C:/devkitPro/wut/lib\libwut.a(devoptab_fs_mkdir.o)
                              C:/devkitPro/wut/lib\libwut.a(devoptab_fs.o) (__wut_fs_mkdir)
C:/devkitPro/wut/lib\libwut.a(devoptab_fs_dirnext.o)
                              C:/devkitPro/wut/lib\libwut.a(devoptab_fs.o) (__wut_fs_dirnext)
C:/devkitPro/wut/lib\libwut.a(devoptab_fs_truncate.o)
                              C:/devkitPro/wut/lib\libwut.a(devoptab_fs.o) (__wut_fs_ftruncate)
C:/devkitPro/wut/lib\libwut.a(devoptab_fs_statvfs.o)
                              C:/devkitPro/wut/lib\libwut.a(devoptab_fs.o) (__wut_fs_statvfs)
C:/devkitPro/wut/lib\libwut.a(devoptab_fs_rename.o)
                              C:/devkitPro/wut/lib\libwut.a(devoptab_fs.o) (__wut_fs_rename)
C:/devkitPro/wut/lib\libwut.a(devoptab_fs_utimes.o)
                              C:/devkitPro/wut/lib\libwut.a(devoptab_fs.o) (__wut_fs_utimes)
C:/devkitPro/wut/lib\libwut.a(wut_defaultheap.o)
                              C:/devkitPro/wut/lib\libwut.a(wut_preinit.o) (__init_wut_defaultheap)
C:/devkitPro/wut/lib\libwut.a(log_udp.o)
                              main.o (WHBLogUdpInit)
C:/devkitPro/wut/lib\libwut.a(log.o)
                              C:/devkitPro/wut/lib\libwut.a(log_udp.o) (WHBAddLogHandler)
C:/devkitPro/wut/lib\libwut.a(log_cafe.o)
                              main.o (WHBLogCafeInit)
C:/devkitPro/wut/lib\libwut.a(proc.o)
                              main.o (WHBProcInit)
C:/devkitPro/wut/lib\libwut.a(wut_gthread.o)
                              C:/devkitPro/wut/lib\libwut.a(wut_crt.o) (__init_wut_stdcpp)
C:/devkitPro/wut/lib\libwut.a(nsysnet.o)
                              C:/devkitPro/wut/lib\libwut.a(log_udp.o) (htonl)
C:/devkitPro/wut/lib\libwut.a(proc_ui.o)
                              C:/devkitPro/wut/lib\libwut.a(proc.o) (ProcUIDrawDoneRelease)
C:/devkitPro/wut/lib\libwut.a(sysapp.o)
                              C:/devkitPro/wut/lib\libwut.a(proc.o) (SYSRelaunchTitle)
C:/devkitPro/wut/lib\libwut.a(wut_lock.o)
                              C:/devkitPro/wut/lib\libwut.a(wut_newlib.o) (__wut_lock_init)
C:/devkitPro/wut/lib\libwut.a(wut_clock.o)
                              C:/devkitPro/wut/lib\libwut.a(wut_newlib.o) (__wut_clock_gettime)
C:/devkitPro/wut/lib\libwut.a(devoptab_fs_stat.o)
                              C:/devkitPro/wut/lib\libwut.a(devoptab_fs.o) (__wut_fs_stat)
C:/devkitPro/wut/lib\libwut.a(devoptab_fs_chdir.o)
[...]
Memory Configuration

Name             Origin             Length             Attributes
codemem          0x0000000002000000 0x000000000e000000 xrw
datamem          0x0000000010000000 0x0000000032000000 rw
loadmem          0x00000000c0000000 0x0000000008000000 xrw
*default*        0x0000000000000000 0xffffffffffffffff

Linker script and memory map

                0x0000000002000000                . = ORIGIN (codemem)

.syscall
 *(.syscall .syscall.*)

.text           0x0000000002000000    0x10a1c
 *(.crt0)
 .crt0          0x0000000002000000       0x2c C:/devkitPro/wut/lib\libwut.a(crt0_rpx.o)
                0x0000000002000000                __rpx_start
 *(SORT_NONE(.init))
 .init          0x000000000200002c        0xc c:/devkitpro/devkitppc/bin/../lib/gcc/powerpc-eabi/12.1.0/ecrti.o
                0x000000000200002c                __init
 .init          0x0000000002000038        0x4 c:/devkitpro/devkitppc/bin/../lib/gcc/powerpc-eabi/12.1.0/crtbegin.o
 .init          0x000000000200003c        0x4 c:/devkitpro/devkitppc/bin/../lib/gcc/powerpc-eabi/12.1.0/crtend.o
 .init          0x0000000002000040       0x10 c:/devkitpro/devkitppc/bin/../lib/gcc/powerpc-eabi/12.1.0/ecrtn.o
 *(.text.unlikely .text.*_unlikely .text.unlikely.*)
 *(.text.exit .text.exit.*)
 .text.exit     0x0000000002000050       0x40 c:/devkitpro/devkitppc/bin/../lib/gcc/powerpc-eabi/12.1.0/../../../../powerpc-eabi/lib\libc.a(lib_a-exit.o)
                0x0000000002000050                exit
 *(.text.startup .text.startup.*)
 .text.startup.main
                0x0000000002000090      0x2e0 main.o
                                        0x250 (size before relaxing)
                0x0000000002000090                main
 *(.text.hot .text.hot.*)
 *(SORT_BY_NAME(.text.sorted.*))
 *(.text .stub .text.* .gnu.linkonce.t.*)
 .text.__do_global_dtors_aux
                0x0000000002000370       0xcc c:/devkitpro/devkitppc/bin/../lib/gcc/powerpc-eabi/12.1.0/crtbegin.o
 .text.frame_dummy
                0x000000000200043c       0x24 c:/devkitpro/devkitppc/bin/../lib/gcc/powerpc-eabi/12.1.0/crtbegin.o
 .text.__preinit_user
                0x0000000002000460       0x28 C:/devkitPro/wut/lib\libwut.a(wut_preinit.o)
                0x0000000002000460                __preinit_user
 .text.__init_wut
                0x0000000002000488       0x48 C:/devkitPro/wut/lib\libwut.a(wut_crt.o)
                0x0000000002000488                __init_wut
 .text.__fini_wut
                0x00000000020004d0       0x38 C:/devkitPro/wut/lib\libwut.a(wut_crt.o)
                0x00000000020004d0                __fini_wut
 .text.__syscall_sbrk_r
                0x0000000002000508        0x4 C:/devkitPro/wut/lib\libwut.a(wut_newlib.o)
                0x0000000002000508                __syscall_sbrk_r
 .text.__syscall_lock_init
                0x000000000200050c        0x4 C:/devkitPro/wut/lib\libwut.a(wut_newlib.o)
                0x000000000200050c                __syscall_lock_init
 .text.__syscall_lock_close
                0x0000000002000510        0x4 C:/devkitPro/wut/lib\libwut.a(wut_newlib.o)
                0x0000000002000510                __syscall_lock_close
 .text.__syscall_lock_release
                0x0000000002000514        0x4 C:/devkitPro/wut/lib\libwut.a(wut_newlib.o)
                0x0000000002000514                __syscall_lock_release
 .text.__syscall_lock_acquire
                0x0000000002000518        0x4 C:/devkitPro/wut/lib\libwut.a(wut_newlib.o)
                0x0000000002000518                __syscall_lock_acquire
 .text.__syscall_malloc_lock
                0x000000000200051c        0x4 C:/devkitPro/wut/lib\libwut.a(wut_newlib.o)
                0x000000000200051c                __syscall_malloc_lock
 .text.__syscall_malloc_unlock
                0x0000000002000520        0x4 C:/devkitPro/wut/lib\libwut.a(wut_newlib.o)
                0x0000000002000520                __syscall_malloc_unlock
 .text.__syscall_exit
                0x0000000002000524       0x3c C:/devkitPro/wut/lib\libwut.a(wut_newlib.o)
                0x0000000002000524                __syscall_exit
 .text.__init_wut_newlib
                0x0000000002000560       0x14 C:/devkitPro/wut/lib\libwut.a(wut_newlib.o)
                0x0000000002000560                __init_wut_newlib
 .text.__fini_wut_newlib
                0x0000000002000574        0x4 C:/devkitPro/wut/lib\libwut.a(wut_newlib.o)
                0x0000000002000574                __fini_wut_newlib
 .text.__wut_sbrk_r
                0x0000000002000578       0xd4 C:/devkitPro/wut/lib\libwut.a(wut_sbrk.o)
                                         0xc4 (size before relaxing)
                0x0000000002000578                __wut_sbrk_r
 .text.__init_wut_sbrk_heap
                0x000000000200064c       0xa8 C:/devkitPro/wut/lib\libwut.a(wut_sbrk.o)
                                         0x88 (size before relaxing)
                0x000000000200064c                __init_wut_sbrk_heap
 .text.__fini_wut_sbrk_heap
                0x00000000020006f4       0x70 C:/devkitPro/wut/lib\libwut.a(wut_sbrk.o)
                                         0x60 (size before relaxing)
                0x00000000020006f4                __fini_wut_sbrk_heap
 .text.__wut_malloc_lock
                0x0000000002000764       0x1c C:/devkitPro/wut/lib\libwut.a(wut_malloc_lock.o)
                                          0xc (size before relaxing)
                0x0000000002000764                __wut_malloc_lock
 .text.__wut_malloc_unlock
                0x0000000002000780       0x1c C:/devkitPro/wut/lib\libwut.a(wut_malloc_lock.o)
                                          0xc (size before relaxing)
                0x0000000002000780                __wut_malloc_unlock
 .text.__init_wut_malloc_lock
                0x000000000200079c       0x1c C:/devkitPro/wut/lib\libwut.a(wut_malloc_lock.o)
                                          0xc (size before relaxing)
                0x000000000200079c                __init_wut_malloc_lock
 .text.__init_wut_devoptab
                0x00000000020007b8      0x1dc C:/devkitPro/wut/lib\libwut.a(devoptab_fs.o)
                                        0x17c (size before relaxing)
                0x00000000020007b8                __init_wut_devoptab
 .text.__fini_wut_devoptab
                0x0000000002000994       0xe4 C:/devkitPro/wut/lib\libwut.a(devoptab_fs.o)
                                         0xb4 (size before relaxing)
                0x0000000002000994                __fini_wut_devoptab
 .text.__wut_fs_dirclose
                0x0000000002000a78       0xac C:/devkitPro/wut/lib\libwut.a(devoptab_fs_dirclose.o)
                                         0x8c (size before relaxing)
                0x0000000002000a78                __wut_fs_dirclose
 .text.__wut_fs_seek
                0x0000000002000b24      0x1ac C:/devkitPro/wut/lib\libwut.a(devoptab_fs_seek.o)
                                        0x17c (size before relaxing)
                0x0000000002000b24                __wut_fs_seek
 .text.__wut_fs_dirreset
                0x0000000002000cd0       0xac C:/devkitPro/wut/lib\libwut.a(devoptab_fs_dirreset.o)
                                         0x8c (size before relaxing)
                0x0000000002000cd0                __wut_fs_dirreset
 .text.__wut_fs_rmdir
                0x0000000002000d7c       0xf8 C:/devkitPro/wut/lib\libwut.a(devoptab_fs_rmdir.o)
                                         0xd8 (size before relaxing)
                0x0000000002000d7c                __wut_fs_rmdir
 .text.__wut_fs_close
                0x0000000002000e74       0xa8 C:/devkitPro/wut/lib\libwut.a(devoptab_fs_close.o)
                                         0x88 (size before relaxing)
                0x0000000002000e74                __wut_fs_close
 .text.__wut_fs_write
                0x0000000002000f1c      0x1d0 C:/devkitPro/wut/lib\libwut.a(devoptab_fs_write.o)
                                        0x1b0 (size before relaxing)
                0x0000000002000f1c                __wut_fs_write
 .text.__wut_fs_chmod
                0x00000000020010ec      0x108 C:/devkitPro/wut/lib\libwut.a(devoptab_fs_chmod.o)
                                         0xe8 (size before relaxing)
                0x00000000020010ec                __wut_fs_chmod
 .text.__wut_fs_fchmod
                0x00000000020011f4       0x10 C:/devkitPro/wut/lib\libwut.a(devoptab_fs_fchmod.o)
                0x00000000020011f4                __wut_fs_fchmod
 .text.__wut_fs_mkdir
                0x0000000002001204       0xec C:/devkitPro/wut/lib\libwut.a(devoptab_fs_mkdir.o)
                                         0xcc (size before relaxing)
                0x0000000002001204                __wut_fs_mkdir
 .text.__wut_fs_dirnext
                0x00000000020012f0      0x140 C:/devkitPro/wut/lib\libwut.a(devoptab_fs_dirnext.o)
                                        0x120 (size before relaxing)
                0x00000000020012f0                __wut_fs_dirnext
 .text.__wut_fs_ftruncate
                0x0000000002001430       0xfc C:/devkitPro/wut/lib\libwut.a(devoptab_fs_truncate.o)
                                         0xcc (size before relaxing)
                0x0000000002001430                __wut_fs_ftruncate
 .text.__wut_fs_statvfs
                0x000000000200152c       0x10 C:/devkitPro/wut/lib\libwut.a(devoptab_fs_statvfs.o)
                0x000000000200152c                __wut_fs_statvfs
 .text.__wut_fs_rename
                0x000000000200153c      0x144 C:/devkitPro/wut/lib\libwut.a(devoptab_fs_rename.o)
                                        0x124 (size before relaxing)
                0x000000000200153c                __wut_fs_rename
 .text.__wut_fs_utimes
                0x0000000002001680       0x10 C:/devkitPro/wut/lib\libwut.a(devoptab_fs_utimes.o)
                0x0000000002001680                __wut_fs_utimes
 .text.__wut_alloc_from_defaultheap
                0x0000000002001690        0x4 C:/devkitPro/wut/lib\libwut.a(wut_defaultheap.o)
                0x0000000002001690                __wut_alloc_from_defaultheap
 .text.__wut_alloc_from_defaultheap_ex
                0x0000000002001694       0x10 C:/devkitPro/wut/lib\libwut.a(wut_defaultheap.o)
                0x0000000002001694                __wut_alloc_from_defaultheap_ex
 .text.__wut_free_to_defaultheap
                0x00000000020016a4        0x4 C:/devkitPro/wut/lib\libwut.a(wut_defaultheap.o)
                0x00000000020016a4                __wut_free_to_defaultheap
 .text.__init_wut_defaultheap
                0x00000000020016a8       0x34 C:/devkitPro/wut/lib\libwut.a(wut_defaultheap.o)
                0x00000000020016a8                __init_wut_defaultheap
 .text.udpLogHandler
                0x00000000020016dc       0x4c C:/devkitPro/wut/lib\libwut.a(log_udp.o)
 .text.WHBLogUdpInit
                0x0000000002001728       0xe4 C:/devkitPro/wut/lib\libwut.a(log_udp.o)
                                         0xc4 (size before relaxing)
                0x0000000002001728                WHBLogUdpInit
 .text.WHBLogUdpDeinit
                0x000000000200180c       0x4c C:/devkitPro/wut/lib\libwut.a(log_udp.o)
                0x000000000200180c                WHBLogUdpDeinit
 .text.WHBAddLogHandler
                0x0000000002001858       0x70 C:/devkitPro/wut/lib\libwut.a(log.o)
                0x0000000002001858                WHBAddLogHandler
 .text.WHBRemoveLogHandler
                0x00000000020018c8       0x68 C:/devkitPro/wut/lib\libwut.a(log.o)
                0x00000000020018c8                WHBRemoveLogHandler
 .text.WHBLogPrint
                0x0000000002001930       0xf8 C:/devkitPro/wut/lib\libwut.a(log.o)
                0x0000000002001930                WHBLogPrint
 .text.WHBLogPrintf
                0x0000000002001a28      0x1c4 C:/devkitPro/wut/lib\libwut.a(log.o)
                0x0000000002001a28                WHBLogPrintf
 .text.cafeLogHandler
                0x0000000002001bec       0x78 C:/devkitPro/wut/lib\libwut.a(log_cafe.o)
                                         0x68 (size before relaxing)
 .text.WHBLogCafeInit
                0x0000000002001c64        0xc C:/devkitPro/wut/lib\libwut.a(log_cafe.o)
                0x0000000002001c64                WHBLogCafeInit
 .text.WHBLogCafeDeinit
                0x0000000002001c70        0xc C:/devkitPro/wut/lib\libwut.a(log_cafe.o)
                0x0000000002001c70                WHBLogCafeDeinit
 .text.procHomeButtonDenied
                0x0000000002001c7c       0x24 C:/devkitPro/wut/lib\libwut.a(proc.o)
 .text.procSaveCallback
                0x0000000002001ca0       0x34 C:/devkitPro/wut/lib\libwut.a(proc.o)
                                         0x24 (size before relaxing)
 .text.WHBProcInit
                0x0000000002001cd4      0x150 C:/devkitPro/wut/lib\libwut.a(proc.o)
                                        0x100 (size before relaxing)
                0x0000000002001cd4                WHBProcInit
 .text.WHBProcShutdown
                0x0000000002001e24       0x38 C:/devkitPro/wut/lib\libwut.a(proc.o)
                                         0x28 (size before relaxing)
                0x0000000002001e24                WHBProcShutdown
 .text.WHBProcIsRunning
                0x0000000002001e5c      0x100 C:/devkitPro/wut/lib\libwut.a(proc.o)
                                         0xb0 (size before relaxing)
                0x0000000002001e5c                WHBProcIsRunning
 .text.__init_wut_stdcpp
                0x0000000002001f5c        0x4 C:/devkitPro/wut/lib\libwut.a(wut_gthread.o)
                0x0000000002001f5c                __init_wut_stdcpp
 .text.__fini_wut_stdcpp
                0x0000000002001f60        0x4 C:/devkitPro/wut/lib\libwut.a(wut_gthread.o)
                0x0000000002001f60                __fini_wut_stdcpp
 .text.__wut_lock_init
                0x0000000002001f64       0xbc C:/devkitPro/wut/lib\libwut.a(wut_lock.o)
                                         0xac (size before relaxing)
                0x0000000002001f64                __wut_lock_init
 .text.__wut_lock_close
                0x0000000002002020       0x80 C:/devkitPro/wut/lib\libwut.a(wut_lock.o)
                0x0000000002002020                __wut_lock_close
 .text.__wut_lock_acquire
                0x00000000020020a0       0x64 C:/devkitPro/wut/lib\libwut.a(wut_lock.o)
                                         0x54 (size before relaxing)
                0x00000000020020a0                __wut_lock_acquire
 .text.__wut_lock_release
                0x0000000002002104       0x64 C:/devkitPro/wut/lib\libwut.a(wut_lock.o)
                                         0x54 (size before relaxing)
                0x0000000002002104                __wut_lock_release
 .text.__wut_fs_stat
                0x0000000002002168      0x11c C:/devkitPro/wut/lib\libwut.a(devoptab_fs_stat.o)
                                         0xfc (size before relaxing)
                0x0000000002002168                __wut_fs_stat
 .text.__wut_fs_chdir
                0x0000000002002284       0xec C:/devkitPro/wut/lib\libwut.a(devoptab_fs_chdir.o)
                                         0xcc (size before relaxing)
                0x0000000002002284                __wut_fs_chdir
 .text.__wut_fs_fstat
                0x0000000002002370       0xd8 C:/devkitPro/wut/lib\libwut.a(devoptab_fs_fstat.o)
                                         0xb8 (size before relaxing)
                0x0000000002002370                __wut_fs_fstat
 .text.__wut_fs_link
                0x0000000002002448       0x10 C:/devkitPro/wut/lib\libwut.a(devoptab_fs_link.o)
                0x0000000002002448                __wut_fs_link
 .text.__wut_fs_read
                0x0000000002002458      0x1dc C:/devkitPro/wut/lib\libwut.a(devoptab_fs_read.o)
                                        0x1bc (size before relaxing)
                0x0000000002002458                __wut_fs_read
 .text.__wut_fs_fixpath
                0x0000000002002634       0xe4 C:/devkitPro/wut/lib\libwut.a(devoptab_fs_utils.o)
                0x0000000002002634                __wut_fs_fixpath
 .text.__wut_fs_translate_stat_mode
                0x0000000002002718       0xa4 C:/devkitPro/wut/lib\libwut.a(devoptab_fs_utils.o)
                0x0000000002002718                __wut_fs_translate_stat_mode
 .text.__wut_fs_translate_permission_mode
                0x00000000020027bc       0x18 C:/devkitPro/wut/lib\libwut.a(devoptab_fs_utils.o)
                0x00000000020027bc                __wut_fs_translate_permission_mode
 .text.__wut_fs_translate_stat
                0x00000000020027d4      0x138 C:/devkitPro/wut/lib\libwut.a(devoptab_fs_utils.o)
                0x00000000020027d4                __wut_fs_translate_stat
 .text.__wut_fs_translate_error
                0x000000000200290c       0x98 C:/devkitPro/wut/lib\libwut.a(devoptab_fs_utils.o)
                0x000000000200290c                __wut_fs_translate_error
 .text.__wut_fs_open
                0x00000000020029a4      0x2a4 C:/devkitPro/wut/lib\libwut.a(devoptab_fs_open.o)
                                        0x264 (size before relaxing)
                0x00000000020029a4                __wut_fs_open
 .text.__wut_fs_unlink
                0x0000000002002c48       0xf8 C:/devkitPro/wut/lib\libwut.a(devoptab_fs_unlink.o)
                                         0xd8 (size before relaxing)
                0x0000000002002c48                __wut_fs_unlink
 .text.__wut_fs_fsync
                0x0000000002002d40       0xa8 C:/devkitPro/wut/lib\libwut.a(devoptab_fs_fsync.o)
                                         0x88 (size before relaxing)
                0x0000000002002d40                __wut_fs_fsync
 .text.__wut_fs_diropen
                0x0000000002002de8      0x144 C:/devkitPro/wut/lib\libwut.a(devoptab_fs_diropen.o)
                                        0x124 (size before relaxing)
                0x0000000002002de8                __wut_fs_diropen
 .text.shutdown
                0x0000000002002f2c       0x68 C:/devkitPro/wut/lib\libwut.a(shutdown.o)
                                         0x58 (size before relaxing)
                0x0000000002002f2c                shutdown
 .text.setsockopt
                0x0000000002002f94       0xa4 C:/devkitPro/wut/lib\libwut.a(setsockopt.o)
                                         0x94 (size before relaxing)
                0x0000000002002f94                setsockopt
 .text.sendto   0x0000000002003038       0xb8 C:/devkitPro/wut/lib\libwut.a(sendto.o)
                                         0xa8 (size before relaxing)
                0x0000000002003038                sendto
 .text.__init_wut_socket
                0x00000000020030f0       0x60 C:/devkitPro/wut/lib\libwut.a(wut_socket_common.o)
                                         0x30 (size before relaxing)
                0x00000000020030f0                __init_wut_socket
 .text.__fini_wut_socket
                0x0000000002003150       0x60 C:/devkitPro/wut/lib\libwut.a(wut_socket_common.o)
                                         0x30 (size before relaxing)
                0x0000000002003150                __fini_wut_socket
 .text.__wut_get_nsysnet_fd
                0x00000000020031b0       0x8c C:/devkitPro/wut/lib\libwut.a(wut_socket_common.o)
                0x00000000020031b0                __wut_get_nsysnet_fd
 .text.__wut_get_nsysnet_result
                0x000000000200323c       0x98 C:/devkitPro/wut/lib\libwut.a(wut_socket_common.o)
                                         0x88 (size before relaxing)
                0x000000000200323c                __wut_get_nsysnet_result
 .text.__wut_socket_open
                0x00000000020032d4       0x10 C:/devkitPro/wut/lib\libwut.a(wut_socket_open.o)
                0x00000000020032d4                __wut_socket_open
 .text.socket   0x00000000020032e4       0xe0 C:/devkitPro/wut/lib\libwut.a(socket.o)
                                         0xd0 (size before relaxing)
                0x00000000020032e4                socket
 .text.__wut_socket_close
                0x00000000020033c4       0x48 C:/devkitPro/wut/lib\libwut.a(wut_socket_close.o)
                                         0x38 (size before relaxing)
                0x00000000020033c4                __wut_socket_close
 .text.__wut_socket_read
                0x000000000200340c       0x54 C:/devkitPro/wut/lib\libwut.a(wut_socket_read.o)
                                         0x44 (size before relaxing)
                0x000000000200340c                __wut_socket_read
 .text.__wut_socket_write
                0x0000000002003460       0x54 C:/devkitPro/wut/lib\libwut.a(wut_socket_write.o)
                                         0x44 (size before relaxing)
                0x0000000002003460                __wut_socket_write
 .text.__divdi3
                0x00000000020034b4      0x3f0 c:/devkitpro/devkitppc/bin/../lib/gcc/powerpc-eabi/12.1.0\libgcc.a(_divdi3.o)
                0x00000000020034b4                __divdi3
 .text.__udivdi3
                0x00000000020038a4      0x3bc c:/devkitpro/devkitppc/bin/../lib/gcc/powerpc-eabi/12.1.0\libgcc.a(_udivdi3.o)
                0x00000000020038a4                __udivdi3
 .text          0x0000000002003c60       0x48 c:/devkitpro/devkitppc/bin/../lib/gcc/powerpc-eabi/12.1.0\libgcc.a(eabi.o)
                0x0000000002003c60                __eabi
 .text.null_write
                0x0000000002003ca8        0x8 c:/devkitpro/devkitppc/bin/../lib/gcc/powerpc-eabi/12.1.0/../../../../powerpc-eabi/lib\libsysbase.a(iosupport.o)
 .text.setDefaultDevice
                0x0000000002003cb0       0x18 c:/devkitpro/devkitppc/bin/../lib/gcc/powerpc-eabi/12.1.0/../../../../powerpc-eabi/lib\libsysbase.a(iosupport.o)
                0x0000000002003cb0                setDefaultDevice
 .text.FindDevice
                0x0000000002003cc8      0x128 c:/devkitpro/devkitppc/bin/../lib/gcc/powerpc-eabi/12.1.0/../../../../powerpc-eabi/lib\libsysbase.a(iosupport.o)
                0x0000000002003cc8                FindDevice
 .text.RemoveDevice
                0x0000000002003df0       0x44 c:/devkitpro/devkitppc/bin/../lib/gcc/powerpc-eabi/12.1.0/../../../../powerpc-eabi/lib\libsysbase.a(iosupport.o)
                0x0000000002003df0                RemoveDevice
 .text.AddDevice
                0x0000000002003e34      0x114 c:/devkitpro/devkitppc/bin/../lib/gcc/powerpc-eabi/12.1.0/../../../../powerpc-eabi/lib\libsysbase.a(iosupport.o)
                0x0000000002003e34                AddDevice
 .text._concatenate_path
                0x0000000002003f48      0x244 c:/devkitpro/devkitppc/bin/../lib/gcc/powerpc-eabi/12.1.0/../../../../powerpc-eabi/lib\libsysbase.a(chdir.o)
                0x0000000002003f48                _concatenate_path
 .text.chdir    0x000000000200418c      0x1b0 c:/devkitpro/devkitppc/bin/../lib/gcc/powerpc-eabi/12.1.0/../../../../powerpc-eabi/lib\libsysbase.a(chdir.o)
                0x000000000200418c                chdir
 .text.__release_handle
                0x000000000200433c       0xe4 c:/devkitpro/devkitppc/bin/../lib/gcc/powerpc-eabi/12.1.0/../../../../powerpc-eabi/lib\libsysbase.a(handle_manager.o)
                0x000000000200433c                __release_handle
 .text.__alloc_handle
                0x0000000002004420      0x124 c:/devkitpro/devkitppc/bin/../lib/gcc/powerpc-eabi/12.1.0/../../../../powerpc-eabi/lib\libsysbase.a(handle_manager.o)
                0x0000000002004420                __alloc_handle
 .text.__get_handle
                0x0000000002004544       0x24 c:/devkitpro/devkitppc/bin/../lib/gcc/powerpc-eabi/12.1.0/../../../../powerpc-eabi/lib\libsysbase.a(handle_manager.o)
                0x0000000002004544                __get_handle
 .text.__libc_lock_init
                0x0000000002004568       0x1c c:/devkitpro/devkitppc/bin/../lib/gcc/powerpc-eabi/12.1.0/../../../../powerpc-eabi/lib\libsysbase.a(syscall_support.o)
                0x0000000002004568                __libc_lock_init
 .text.__libc_lock_close
                0x0000000002004584       0x1c c:/devkitpro/devkitppc/bin/../lib/gcc/powerpc-eabi/12.1.0/../../../../powerpc-eabi/lib\libsysbase.a(syscall_support.o)
                0x0000000002004584                __libc_lock_close
 .text.__libc_lock_release
                0x00000000020045a0       0x1c c:/devkitpro/devkitppc/bin/../lib/gcc/powerpc-eabi/12.1.0/../../../../powerpc-eabi/lib\libsysbase.a(syscall_support.o)
                0x00000000020045a0                __libc_lock_release
 .text.__libc_lock_acquire
                0x00000000020045bc       0x1c c:/devkitpro/devkitppc/bin/../lib/gcc/powerpc-eabi/12.1.0/../../../../powerpc-eabi/lib\libsysbase.a(syscall_support.o)
                0x00000000020045bc                __libc_lock_acquire
 .text.__malloc_lock
                0x00000000020045d8       0x14 c:/devkitpro/devkitppc/bin/../lib/gcc/powerpc-eabi/12.1.0/../../../../powerpc-eabi/lib\libsysbase.a(syscall_support.o)
                0x00000000020045d8                __malloc_lock
 .text.__malloc_unlock
                0x00000000020045ec       0x14 c:/devkitpro/devkitppc/bin/../lib/gcc/powerpc-eabi/12.1.0/../../../../powerpc-eabi/lib\libsysbase.a(syscall_support.o)
                0x00000000020045ec                __malloc_unlock
 .text._calloc_r
                0x0000000002004600      0x100 c:/devkitpro/devkitppc/bin/../lib/gcc/powerpc-eabi/12.1.0/../../../../powerpc-eabi/lib\libc.a(lib_a-callocr.o)
                0x0000000002004600                _calloc_r
 .text.__errno  0x0000000002004700        0xc c:/devkitpro/devkitppc/bin/../lib/gcc/powerpc-eabi/12.1.0/../../../../powerpc-eabi/lib\libc.a(lib_a-errno.o)
                0x0000000002004700                __errno
 .text.memalign
                0x000000000200470c       0x18 c:/devkitpro/devkitppc/bin/../lib/gcc/powerpc-eabi/12.1.0/../../../../powerpc-eabi/lib\libc.a(lib_a-malign.o)
                0x000000000200470c                memalign
 .text._memalign_r
                0x0000000002004724      0x1dc c:/devkitpro/devkitppc/bin/../lib/gcc/powerpc-eabi/12.1.0/../../../../powerpc-eabi/lib\libc.a(lib_a-malignr.o)
                0x0000000002004724                _memalign_r
 .text.malloc   0x0000000002004900       0x10 c:/devkitpro/devkitppc/bin/../lib/gcc/powerpc-eabi/12.1.0/../../../../powerpc-eabi/lib\libc.a(lib_a-malloc.o)
                0x0000000002004900                malloc
 .text.free     0x0000000002004910       0x10 c:/devkitpro/devkitppc/bin/../lib/gcc/powerpc-eabi/12.1.0/../../../../powerpc-eabi/lib\libc.a(lib_a-malloc.o)
                0x0000000002004910                free
 .text._malloc_r
                0x0000000002004920      0x860 c:/devkitpro/devkitppc/bin/../lib/gcc/powerpc-eabi/12.1.0/../../../../powerpc-eabi/lib\libc.a(lib_a-mallocr.o)
                0x0000000002004920                _malloc_r
 .text.memcpy   0x0000000002005180      0x128 c:/devkitpro/devkitppc/bin/../lib/gcc/powerpc-eabi/12.1.0/../../../../powerpc-eabi/lib\libc.a(lib_a-memcpy.o)
                0x0000000002005180                memcpy
 .text.memset   0x00000000020052a8      0x194 c:/devkitpro/devkitppc/bin/../lib/gcc/powerpc-eabi/12.1.0/../../../../powerpc-eabi/lib\libc.a(lib_a-memset.o)
                0x00000000020052a8                memset
 .text.snprintf
                0x000000000200543c      0x168 c:/devkitpro/devkitppc/bin/../lib/gcc/powerpc-eabi/12.1.0/../../../../powerpc-eabi/lib\libc.a(lib_a-snprintf.o)
                0x000000000200543c                snprintf
 .text.strchr   0x00000000020055a4      0x154 c:/devkitpro/devkitppc/bin/../lib/gcc/powerpc-eabi/12.1.0/../../../../powerpc-eabi/lib\libc.a(lib_a-strchr.o)
                0x00000000020055a4                strchr
 .text.strcmp   0x00000000020056f8       0x9c c:/devkitpro/devkitppc/bin/../lib/gcc/powerpc-eabi/12.1.0/../../../../powerpc-eabi/lib\libc.a(lib_a-strcmp.o)
                0x00000000020056f8                strcmp
 .text.strcpy   0x0000000002005794       0x8c c:/devkitpro/devkitppc/bin/../lib/gcc/powerpc-eabi/12.1.0/../../../../powerpc-eabi/lib\libc.a(lib_a-strcpy.o)
                0x0000000002005794                strcpy
 .text.strlen   0x0000000002005820       0x80 c:/devkitpro/devkitppc/bin/../lib/gcc/powerpc-eabi/12.1.0/../../../../powerpc-eabi/lib\libc.a(lib_a-strlen.o)
                0x0000000002005820                strlen
 .text.strncmp  0x00000000020058a0       0xcc c:/devkitpro/devkitppc/bin/../lib/gcc/powerpc-eabi/12.1.0/../../../../powerpc-eabi/lib\libc.a(lib_a-strncmp.o)
                0x00000000020058a0                strncmp
 .text.strncpy  0x000000000200596c      0x108 c:/devkitpro/devkitppc/bin/../lib/gcc/powerpc-eabi/12.1.0/../../../../powerpc-eabi/lib\libc.a(lib_a-strncpy.o)
                0x000000000200596c                strncpy
 .text.strnlen  0x0000000002005a74       0xc8 c:/devkitpro/devkitppc/bin/../lib/gcc/powerpc-eabi/12.1.0/../../../../powerpc-eabi/lib\libc.a(lib_a-strnlen.o)
                0x0000000002005a74                strnlen
 .text.strrchr  0x0000000002005b3c       0x78 c:/devkitpro/devkitppc/bin/../lib/gcc/powerpc-eabi/12.1.0/../../../../powerpc-eabi/lib\libc.a(lib_a-strrchr.o)
                0x0000000002005b3c                strrchr
 .text._svfprintf_r
                0x0000000002005bb4     0x2eec c:/devkitpro/devkitppc/bin/../lib/gcc/powerpc-eabi/12.1.0/../../../../powerpc-eabi/lib\libc.a(lib_a-svfprintf.o)
                0x0000000002005bb4                _svfprintf_r
 .text.close    0x0000000002008aa0       0x10 c:/devkitpro/devkitppc/bin/../lib/gcc/powerpc-eabi/12.1.0/../../../../powerpc-eabi/lib\libc.a(lib_a-sysclose.o)
                0x0000000002008aa0                close
 .text.vsnprintf
                0x0000000002008ab0       0xe8 c:/devkitpro/devkitppc/bin/../lib/gcc/powerpc-eabi/12.1.0/../../../../powerpc-eabi/lib\libc.a(lib_a-vsnprintf.o)
                0x0000000002008ab0                vsnprintf
 .text._wcrtomb_r
                0x0000000002008b98       0xe4 c:/devkitpro/devkitppc/bin/../lib/gcc/powerpc-eabi/12.1.0/../../../../powerpc-eabi/lib\libc.a(lib_a-wcrtomb.o)
                0x0000000002008b98                _wcrtomb_r
 .text._wcsrtombs_r
                0x0000000002008c7c       0x10 c:/devkitpro/devkitppc/bin/../lib/gcc/powerpc-eabi/12.1.0/../../../../powerpc-eabi/lib\libc.a(lib_a-wcsrtombs.o)
                0x0000000002008c7c                _wcsrtombs_r
 .text.__call_exitprocs
                0x0000000002008c8c      0x1a4 c:/devkitpro/devkitppc/bin/../lib/gcc/powerpc-eabi/12.1.0/../../../../powerpc-eabi/lib\libc.a(lib_a-__call_atexit.o)
                0x0000000002008c8c                __call_exitprocs
 .text.quorem   0x0000000002008e30      0x2ec c:/devkitpro/devkitppc/bin/../lib/gcc/powerpc-eabi/12.1.0/../../../../powerpc-eabi/lib\libc.a(lib_a-dtoa.o)
 .text._dtoa_r  0x000000000200911c     0x13e4 c:/devkitpro/devkitppc/bin/../lib/gcc/powerpc-eabi/12.1.0/../../../../powerpc-eabi/lib\libc.a(lib_a-dtoa.o)
                0x000000000200911c                _dtoa_r
 .text._malloc_trim_r
                0x000000000200a500      0x138 c:/devkitpro/devkitppc/bin/../lib/gcc/powerpc-eabi/12.1.0/../../../../powerpc-eabi/lib\libc.a(lib_a-freer.o)
                0x000000000200a500                _malloc_trim_r
 .text._free_r  0x000000000200a638      0x330 c:/devkitpro/devkitppc/bin/../lib/gcc/powerpc-eabi/12.1.0/../../../../powerpc-eabi/lib\libc.a(lib_a-freer.o)
                0x000000000200a638                _free_r
 .text._localeconv_r
                0x000000000200a968       0x2c c:/devkitpro/devkitppc/bin/../lib/gcc/powerpc-eabi/12.1.0/../../../../powerpc-eabi/lib\libc.a(lib_a-localeconv.o)
                0x000000000200a968                _localeconv_r
 .text.__locale_mb_cur_max
                0x000000000200a994       0x2c c:/devkitpro/devkitppc/bin/../lib/gcc/powerpc-eabi/12.1.0/../../../../powerpc-eabi/lib\libc.a(lib_a-locale.o)
                0x000000000200a994                __locale_mb_cur_max
 .text.__utf8_mbtowc
                0x000000000200a9c0      0x300 c:/devkitpro/devkitppc/bin/../lib/gcc/powerpc-eabi/12.1.0/../../../../powerpc-eabi/lib\libc.a(lib_a-mbtowc_r.o)
                0x000000000200a9c0                __utf8_mbtowc
 .text.memchr   0x000000000200acc0      0x1b4 c:/devkitpro/devkitppc/bin/../lib/gcc/powerpc-eabi/12.1.0/../../../../powerpc-eabi/lib\libc.a(lib_a-memchr.o)
                0x000000000200acc0                memchr
 .text._Balloc  0x000000000200ae74       0xe0 c:/devkitpro/devkitppc/bin/../lib/gcc/powerpc-eabi/12.1.0/../../../../powerpc-eabi/lib\libc.a(lib_a-mprec.o)
                0x000000000200ae74                _Balloc
 .text._Bfree   0x000000000200af54       0x24 c:/devkitpro/devkitppc/bin/../lib/gcc/powerpc-eabi/12.1.0/../../../../powerpc-eabi/lib\libc.a(lib_a-mprec.o)
                0x000000000200af54                _Bfree
 .text.__multadd
                0x000000000200af78      0x158 c:/devkitpro/devkitppc/bin/../lib/gcc/powerpc-eabi/12.1.0/../../../../powerpc-eabi/lib\libc.a(lib_a-mprec.o)
                0x000000000200af78                __multadd
 .text.__hi0bits
                0x000000000200b0d0       0x7c c:/devkitpro/devkitppc/bin/../lib/gcc/powerpc-eabi/12.1.0/../../../../powerpc-eabi/lib\libc.a(lib_a-mprec.o)
                0x000000000200b0d0                __hi0bits
 .text.__lo0bits
                0x000000000200b14c       0xb4 c:/devkitpro/devkitppc/bin/../lib/gcc/powerpc-eabi/12.1.0/../../../../powerpc-eabi/lib\libc.a(lib_a-mprec.o)
                0x000000000200b14c                __lo0bits
 .text.__i2b    0x000000000200b200      0x108 c:/devkitpro/devkitppc/bin/../lib/gcc/powerpc-eabi/12.1.0/../../../../powerpc-eabi/lib\libc.a(lib_a-mprec.o)
                0x000000000200b200                __i2b
 .text.__multiply
                0x000000000200b308      0x308 c:/devkitpro/devkitppc/bin/../lib/gcc/powerpc-eabi/12.1.0/../../../../powerpc-eabi/lib\libc.a(lib_a-mprec.o)
                0x000000000200b308                __multiply
 .text.__pow5mult
                0x000000000200b610      0x17c c:/devkitpro/devkitppc/bin/../lib/gcc/powerpc-eabi/12.1.0/../../../../powerpc-eabi/lib\libc.a(lib_a-mprec.o)
                0x000000000200b610                __pow5mult
 .text.__lshift
                0x000000000200b78c      0x250 c:/devkitpro/devkitppc/bin/../lib/gcc/powerpc-eabi/12.1.0/../../../../powerpc-eabi/lib\libc.a(lib_a-mprec.o)
                0x000000000200b78c                __lshift
 .text.__mcmp   0x000000000200b9dc       0xe0 c:/devkitpro/devkitppc/bin/../lib/gcc/powerpc-eabi/12.1.0/../../../../powerpc-eabi/lib\libc.a(lib_a-mprec.o)
                0x000000000200b9dc                __mcmp
 .text.__mdiff  0x000000000200babc      0x2ec c:/devkitpro/devkitppc/bin/../lib/gcc/powerpc-eabi/12.1.0/../../../../powerpc-eabi/lib\libc.a(lib_a-mprec.o)
                0x000000000200babc                __mdiff
 .text.__d2b    0x000000000200bda8      0x1a0 c:/devkitpro/devkitppc/bin/../lib/gcc/powerpc-eabi/12.1.0/../../../../powerpc-eabi/lib\libc.a(lib_a-mprec.o)
                0x000000000200bda8                __d2b
 .text.frexp    0x000000000200bf48       0x90 c:/devkitpro/devkitppc/bin/../lib/gcc/powerpc-eabi/12.1.0/../../../../powerpc-eabi/lib\libc.a(lib_a-s_frexp.o)
                0x000000000200bf48                frexp
 .text.__ssprint_r
                0x000000000200bfd8      0x260 c:/devkitpro/devkitppc/bin/../lib/gcc/powerpc-eabi/12.1.0/../../../../powerpc-eabi/lib\libc.a(lib_a-svfiprintf.o)
                0x000000000200bfd8                __ssprint_r
 .text._wcsnrtombs_l
                0x000000000200c238      0x214 c:/devkitpro/devkitppc/bin/../lib/gcc/powerpc-eabi/12.1.0/../../../../powerpc-eabi/lib\libc.a(lib_a-wcsnrtombs.o)
                0x000000000200c238                _wcsnrtombs_l
 .text._wcsnrtombs_r
                0x000000000200c44c       0x24 c:/devkitpro/devkitppc/bin/../lib/gcc/powerpc-eabi/12.1.0/../../../../powerpc-eabi/lib\libc.a(lib_a-wcsnrtombs.o)
                0x000000000200c44c                _wcsnrtombs_r
 .text.__utf8_wctomb
                0x000000000200c470      0x108 c:/devkitpro/devkitppc/bin/../lib/gcc/powerpc-eabi/12.1.0/../../../../powerpc-eabi/lib\libc.a(lib_a-wctomb_r.o)
                0x000000000200c470                __utf8_wctomb
 .text.__assert_func
                0x000000000200c578       0x58 c:/devkitpro/devkitppc/bin/../lib/gcc/powerpc-eabi/12.1.0/../../../../powerpc-eabi/lib\libc.a(lib_a-assert.o)
                0x000000000200c578                __assert_func
 .text.fiprintf
                0x000000000200c5d0       0x94 c:/devkitpro/devkitppc/bin/../lib/gcc/powerpc-eabi/12.1.0/../../../../powerpc-eabi/lib\libc.a(lib_a-fiprintf.o)
                0x000000000200c5d0                fiprintf
 .text.memmove  0x000000000200c664      0x1c0 c:/devkitpro/devkitppc/bin/../lib/gcc/powerpc-eabi/12.1.0/../../../../powerpc-eabi/lib\libc.a(lib_a-memmove.o)
                0x000000000200c664                memmove
 .text._realloc_r
                0x000000000200c824      0x584 c:/devkitpro/devkitppc/bin/../lib/gcc/powerpc-eabi/12.1.0/../../../../powerpc-eabi/lib\libc.a(lib_a-reallocr.o)
                0x000000000200c824                _realloc_r
 .text.__sprint_r.part.0
                0x000000000200cda8      0x148 c:/devkitpro/devkitppc/bin/../lib/gcc/powerpc-eabi/12.1.0/../../../../powerpc-eabi/lib\libc.a(lib_a-vfiprintf.o)
 .text._vfiprintf_r
                0x000000000200cef0     0x1ca8 c:/devkitpro/devkitppc/bin/../lib/gcc/powerpc-eabi/12.1.0/../../../../powerpc-eabi/lib\libc.a(lib_a-vfiprintf.o)
                0x000000000200cef0                _vfiprintf_r
 .text.__sbprintf
                0x000000000200eb98      0x100 c:/devkitpro/devkitppc/bin/../lib/gcc/powerpc-eabi/12.1.0/../../../../powerpc-eabi/lib\libc.a(lib_a-vfiprintf.o)
 .text.__swsetup_r
                0x000000000200ec98      0x194 c:/devkitpro/devkitppc/bin/../lib/gcc/powerpc-eabi/12.1.0/../../../../powerpc-eabi/lib\libc.a(lib_a-wsetup.o)
                0x000000000200ec98                __swsetup_r
 .text.abort    0x000000000200ee2c       0x1c c:/devkitpro/devkitppc/bin/../lib/gcc/powerpc-eabi/12.1.0/../../../../powerpc-eabi/lib\libc.a(lib_a-abort.o)
                0x000000000200ee2c                abort
 .text.__sflush_r
                0x000000000200ee48      0x2f4 c:/devkitpro/devkitppc/bin/../lib/gcc/powerpc-eabi/12.1.0/../../../../powerpc-eabi/lib\libc.a(lib_a-fflush.o)
                0x000000000200ee48                __sflush_r
 .text._fflush_r
                0x000000000200f13c      0x108 c:/devkitpro/devkitppc/bin/../lib/gcc/powerpc-eabi/12.1.0/../../../../powerpc-eabi/lib\libc.a(lib_a-fflush.o)
                0x000000000200f13c                _fflush_r
 .text._cleanup_r
                0x000000000200f244        0xc c:/devkitpro/devkitppc/bin/../lib/gcc/powerpc-eabi/12.1.0/../../../../powerpc-eabi/lib\libc.a(lib_a-findfp.o)
                0x000000000200f244                _cleanup_r
 .text.__sinit  0x000000000200f250      0x1f8 c:/devkitpro/devkitppc/bin/../lib/gcc/powerpc-eabi/12.1.0/../../../../powerpc-eabi/lib\libc.a(lib_a-findfp.o)
                0x000000000200f250                __sinit
 .text.__sfp_lock_acquire
                0x000000000200f448       0x58 c:/devkitpro/devkitppc/bin/../lib/gcc/powerpc-eabi/12.1.0/../../../../powerpc-eabi/lib\libc.a(lib_a-findfp.o)
                0x000000000200f448                __sfp_lock_acquire
 .text.__sfp_lock_release
                0x000000000200f4a0        0xc c:/devkitpro/devkitppc/bin/../lib/gcc/powerpc-eabi/12.1.0/../../../../powerpc-eabi/lib\libc.a(lib_a-findfp.o)
                0x000000000200f4a0                __sfp_lock_release
 .text.__fputwc
                0x000000000200f4ac      0x170 c:/devkitpro/devkitppc/bin/../lib/gcc/powerpc-eabi/12.1.0/../../../../powerpc-eabi/lib\libc.a(lib_a-fputwc.o)
                0x000000000200f4ac                __fputwc
 .text._fputwc_r
                0x000000000200f61c       0xd0 c:/devkitpro/devkitppc/bin/../lib/gcc/powerpc-eabi/12.1.0/../../../../powerpc-eabi/lib\libc.a(lib_a-fputwc.o)
                0x000000000200f61c                _fputwc_r
 .text.__sfvwrite_r
                0x000000000200f6ec      0x5b0 c:/devkitpro/devkitppc/bin/../lib/gcc/powerpc-eabi/12.1.0/../../../../powerpc-eabi/lib\libc.a(lib_a-fvwrite.o)
                0x000000000200f6ec                __sfvwrite_r
 .text._fwalk_reent
                0x000000000200fc9c       0xb4 c:/devkitpro/devkitppc/bin/../lib/gcc/powerpc-eabi/12.1.0/../../../../powerpc-eabi/lib\libc.a(lib_a-fwalk.o)
                0x000000000200fc9c                _fwalk_reent
 .text.__smakebuf_r
                0x000000000200fd50      0x188 c:/devkitpro/devkitppc/bin/../lib/gcc/powerpc-eabi/12.1.0/../../../../powerpc-eabi/lib\libc.a(lib_a-makebuf.o)
                0x000000000200fd50                __smakebuf_r
 .text.raise    0x000000000200fed8       0xe0 c:/devkitpro/devkitppc/bin/../lib/gcc/powerpc-eabi/12.1.0/../../../../powerpc-eabi/lib\libc.a(lib_a-signal.o)
                0x000000000200fed8                raise
 .text.__sread  0x000000000200ffb8       0x74 c:/devkitpro/devkitppc/bin/../lib/gcc/powerpc-eabi/12.1.0/../../../../powerpc-eabi/lib\libc.a(lib_a-stdio.o)
                0x000000000200ffb8                __sread
 .text.__swrite
                0x000000000201002c       0xb8 c:/devkitpro/devkitppc/bin/../lib/gcc/powerpc-eabi/12.1.0/../../../../powerpc-eabi/lib\libc.a(lib_a-stdio.o)
                0x000000000201002c                __swrite
 .text.__sseek  0x00000000020100e4       0x70 c:/devkitpro/devkitppc/bin/../lib/gcc/powerpc-eabi/12.1.0/../../../../powerpc-eabi/lib\libc.a(lib_a-stdio.o)
                0x00000000020100e4                __sseek
 .text.__sclose
                0x0000000002010154        0x8 c:/devkitpro/devkitppc/bin/../lib/gcc/powerpc-eabi/12.1.0/../../../../powerpc-eabi/lib\libc.a(lib_a-stdio.o)
                0x0000000002010154                __sclose
 .text.__swbuf_r
                0x000000000201015c      0x18c c:/devkitpro/devkitppc/bin/../lib/gcc/powerpc-eabi/12.1.0/../../../../powerpc-eabi/lib\libc.a(lib_a-wbuf.o)
                0x000000000201015c                __swbuf_r
 .text._fclose_r
                0x00000000020102e8      0x1ec c:/devkitpro/devkitppc/bin/../lib/gcc/powerpc-eabi/12.1.0/../../../../powerpc-eabi/lib\libc.a(lib_a-fclose.o)
                0x00000000020102e8                _fclose_r
 .text._close_r
                0x00000000020104d4       0xec c:/devkitpro/devkitppc/bin/../lib/gcc/powerpc-eabi/12.1.0/../../../../powerpc-eabi/lib\libsysbase.a(close.o)
                0x00000000020104d4                _close_r
 .text._fstat_r
                0x00000000020105c0       0xb0 c:/devkitpro/devkitppc/bin/../lib/gcc/powerpc-eabi/12.1.0/../../../../powerpc-eabi/lib\libsysbase.a(fstat.o)
                0x00000000020105c0                _fstat_r
 .text._getpid_r
                0x0000000002010670       0x10 c:/devkitpro/devkitppc/bin/../lib/gcc/powerpc-eabi/12.1.0/../../../../powerpc-eabi/lib\libsysbase.a(getpid.o)
                0x0000000002010670                _getpid_r
 .text._isatty_r
                0x0000000002010680        0x8 c:/devkitpro/devkitppc/bin/../lib/gcc/powerpc-eabi/12.1.0/../../../../powerpc-eabi/lib\libsysbase.a(isatty.o)
                0x0000000002010680                _isatty_r
 .text._kill_r  0x0000000002010688       0x10 c:/devkitpro/devkitppc/bin/../lib/gcc/powerpc-eabi/12.1.0/../../../../powerpc-eabi/lib\libsysbase.a(kill.o)
                0x0000000002010688                _kill_r
 .text._lseek_r
                0x0000000002010698       0xe0 c:/devkitpro/devkitppc/bin/../lib/gcc/powerpc-eabi/12.1.0/../../../../powerpc-eabi/lib\libsysbase.a(lseek.o)
                0x0000000002010698                _lseek_r
 .text._read_r  0x0000000002010778       0xc4 c:/devkitpro/devkitppc/bin/../lib/gcc/powerpc-eabi/12.1.0/../../../../powerpc-eabi/lib\libsysbase.a(read.o)
                0x0000000002010778                _read_r
 .text._sbrk_r  0x000000000201083c       0x28 c:/devkitpro/devkitppc/bin/../lib/gcc/powerpc-eabi/12.1.0/../../../../powerpc-eabi/lib\libsysbase.a(sbrk.o)
                0x000000000201083c                _sbrk_r
 .text._write_r
                0x0000000002010864       0xc4 c:/devkitpro/devkitppc/bin/../lib/gcc/powerpc-eabi/12.1.0/../../../../powerpc-eabi/lib\libsysbase.a(write.o)
                0x0000000002010864                _write_r
 .text._exit    0x0000000002010928       0x28 c:/devkitpro/devkitppc/bin/../lib/gcc/powerpc-eabi/12.1.0/../../../../powerpc-eabi/lib\libsysbase.a(_exit.o)
                0x0000000002010928                _exit
 .text.__flockfile
                0x0000000002010950       0x54 c:/devkitpro/devkitppc/bin/../lib/gcc/powerpc-eabi/12.1.0/../../../../powerpc-eabi/lib\libsysbase.a(flock.o)
                0x0000000002010950                __flockfile
 .text.__funlockfile
                0x00000000020109a4        0x8 c:/devkitpro/devkitppc/bin/../lib/gcc/powerpc-eabi/12.1.0/../../../../powerpc-eabi/lib\libsysbase.a(flock.o)
                0x00000000020109a4                __funlockfile
 .text.__do_global_ctors_aux
                0x00000000020109ac       0x50 c:/devkitpro/devkitppc/bin/../lib/gcc/powerpc-eabi/12.1.0/crtend.o
 *(.gnu.warning)
 *(.glink)
 .glink         0x00000000020109fc        0x0 c:/devkitpro/devkitppc/bin/../lib/gcc/powerpc-eabi/12.1.0/crtbegin.o
 *(SORT_NONE(.fini))
 .fini          0x00000000020109fc        0xc c:/devkitpro/devkitppc/bin/../lib/gcc/powerpc-eabi/12.1.0/ecrti.o
                0x00000000020109fc                __fini
 .fini          0x0000000002010a08        0x4 c:/devkitpro/devkitppc/bin/../lib/gcc/powerpc-eabi/12.1.0/crtbegin.o
 .fini          0x0000000002010a0c       0x10 c:/devkitpro/devkitppc/bin/../lib/gcc/powerpc-eabi/12.1.0/ecrtn.o
                0x0000000010000000                . = ORIGIN (datamem)

.rodata         0x0000000010000000      0x96c
 *(.sdata2 .sdata2.* .gnu.linkonce.s2.*)
 .sdata2        0x0000000010000000        0x0 c:/devkitpro/devkitppc/bin/../lib/gcc/powerpc-eabi/12.1.0/ecrti.o
                0x0000000010000000                __SDATA2_START__
 .sdata2        0x0000000010000000        0x0 c:/devkitpro/devkitppc/bin/../lib/gcc/powerpc-eabi/12.1.0/crtbegin.o
                0x0000000010008000                _SDA2_BASE_
 *(.sbss2 .sbss2.* .gnu.linkonce.sb2.*)
 .sbss2         0x0000000010000000        0x0 c:/devkitpro/devkitppc/bin/../lib/gcc/powerpc-eabi/12.1.0/ecrtn.o
                0x0000000010000000                __SBSS2_END__
 *(.rodata .rodata.* .gnu.linkonce.r.*)
 .rodata.str1.4
                0x0000000010000000       0xa6 main.o
 *fill*         0x00000000100000a6        0x2 
 .rodata.str1.4
                0x00000000100000a8        0x3 C:/devkitPro/wut/lib\libwut.a(devoptab_fs.o)
 *fill*         0x00000000100000ab        0x1 
 .rodata.WHBLogPrint.str1.4
                0x00000000100000ac        0x4 C:/devkitPro/wut/lib\libwut.a(log.o)
 .rodata.cafeLogHandler.str1.4
                0x00000000100000b0        0x4 C:/devkitPro/wut/lib\libwut.a(log_cafe.o)
 .rodata.__wut_fs_translate_error
                0x00000000100000b0       0x48 C:/devkitPro/wut/lib\libwut.a(devoptab_fs_utils.o)
 .rodata.__wut_fs_open.str1.4
                0x00000000100000f8       0x17 C:/devkitPro/wut/lib\libwut.a(devoptab_fs_open.o)
 *fill*         0x000000001000010f        0x1 
 .rodata.__wut_socket_fini_devoptab.str1.4
                0x0000000010000110        0x5 C:/devkitPro/wut/lib\libwut.a(wut_socket_common.o)
 *fill*         0x0000000010000115        0x3 
 .rodata.__wut_get_nsysnet_fd.str1.4
                0x0000000010000118        0x4 C:/devkitPro/wut/lib\libwut.a(wut_socket_common.o)
 .rodata.__wut_nsysnet_error_code_map
                0x000000001000011c       0x34 C:/devkitPro/wut/lib\libwut.a(wut_socket_common.o)
 .rodata.socket.str1.4
                0x0000000010000150        0x5 C:/devkitPro/wut/lib\libwut.a(socket.o)
 .rodata.AddDevice.str1.4
                0x0000000010000150        0x8 c:/devkitpro/devkitppc/bin/../lib/gcc/powerpc-eabi/12.1.0/../../../../powerpc-eabi/lib\libsysbase.a(iosupport.o)
 .rodata.dotab_stdnull
                0x0000000010000158       0x70 c:/devkitpro/devkitppc/bin/../lib/gcc/powerpc-eabi/12.1.0/../../../../powerpc-eabi/lib\libsysbase.a(iosupport.o)
                0x0000000010000158                dotab_stdnull
 .rodata._ctype_
                0x00000000100001c8      0x101 c:/devkitpro/devkitppc/bin/../lib/gcc/powerpc-eabi/12.1.0/../../../../powerpc-eabi/lib\libc.a(lib_a-ctype_.o)
                0x00000000100001c8                _ctype_
 *fill*         0x00000000100002c9        0x3 
 .rodata._svfprintf_r.str1.4
                0x00000000100002cc       0x42 c:/devkitpro/devkitppc/bin/../lib/gcc/powerpc-eabi/12.1.0/../../../../powerpc-eabi/lib\libc.a(lib_a-svfprintf.o)
 *fill*         0x000000001000030e        0x2 
 .rodata._svfprintf_r
                0x0000000010000310      0x204 c:/devkitpro/devkitppc/bin/../lib/gcc/powerpc-eabi/12.1.0/../../../../powerpc-eabi/lib\libc.a(lib_a-svfprintf.o)
 .rodata.zeroes.0
                0x0000000010000514       0x10 c:/devkitpro/devkitppc/bin/../lib/gcc/powerpc-eabi/12.1.0/../../../../powerpc-eabi/lib\libc.a(lib_a-svfprintf.o)
 .rodata.blanks.1
                0x0000000010000524       0x10 c:/devkitpro/devkitppc/bin/../lib/gcc/powerpc-eabi/12.1.0/../../../../powerpc-eabi/lib\libc.a(lib_a-svfprintf.o)
 .rodata.cst4   0x0000000010000534       0x14 c:/devkitpro/devkitppc/bin/../lib/gcc/powerpc-eabi/12.1.0/../../../../powerpc-eabi/lib\libc.a(lib_a-svfprintf.o)
 .rodata.cst8   0x0000000010000548        0x8 c:/devkitpro/devkitppc/bin/../lib/gcc/powerpc-eabi/12.1.0/../../../../powerpc-eabi/lib\libc.a(lib_a-svfprintf.o)
 .rodata._dtoa_r.str1.4
                0x0000000010000550       0x66 c:/devkitpro/devkitppc/bin/../lib/gcc/powerpc-eabi/12.1.0/../../../../powerpc-eabi/lib\libc.a(lib_a-dtoa.o)
                                         0x6a (size before relaxing)
 *fill*         0x00000000100005b6        0x2 
 .rodata.cst4   0x00000000100005b8       0x18 c:/devkitpro/devkitppc/bin/../lib/gcc/powerpc-eabi/12.1.0/../../../../powerpc-eabi/lib\libc.a(lib_a-dtoa.o)
                                         0x24 (size before relaxing)
 .rodata.cst8   0x00000000100005d0       0x18 c:/devkitpro/devkitppc/bin/../lib/gcc/powerpc-eabi/12.1.0/../../../../powerpc-eabi/lib\libc.a(lib_a-dtoa.o)
 .rodata.str1.4
                0x00000000100005e8       0x44 c:/devkitpro/devkitppc/bin/../lib/gcc/powerpc-eabi/12.1.0/../../../../powerpc-eabi/lib\libc.a(lib_a-locale.o)
                                         0x4c (size before relaxing)
 .rodata.__multadd.str1.4
                0x000000001000062c       0x43 c:/devkitpro/devkitppc/bin/../lib/gcc/powerpc-eabi/12.1.0/../../../../powerpc-eabi/lib\libc.a(lib_a-mprec.o)
                                         0x57 (size before relaxing)
 *fill*         0x000000001000066f        0x1 
 .rodata.p05.0  0x0000000010000670        0xc c:/devkitpro/devkitppc/bin/../lib/gcc/powerpc-eabi/12.1.0/../../../../powerpc-eabi/lib\libc.a(lib_a-mprec.o)
 *fill*         0x000000001000067c        0x4 
 .rodata.__mprec_bigtens
                0x0000000010000680       0x28 c:/devkitpro/devkitppc/bin/../lib/gcc/powerpc-eabi/12.1.0/../../../../powerpc-eabi/lib\libc.a(lib_a-mprec.o)
                0x0000000010000680                __mprec_bigtens
 .rodata.__mprec_tens
                0x00000000100006a8       0xc8 c:/devkitpro/devkitppc/bin/../lib/gcc/powerpc-eabi/12.1.0/../../../../powerpc-eabi/lib\libc.a(lib_a-mprec.o)
                0x00000000100006a8                __mprec_tens
 .rodata.cst4   0x0000000010000770        0x4 c:/devkitpro/devkitppc/bin/../lib/gcc/powerpc-eabi/12.1.0/../../../../powerpc-eabi/lib\libc.a(lib_a-s_frexp.o)
 .rodata.__assert_func.str1.4
                0x0000000010000774       0x3f c:/devkitpro/devkitppc/bin/../lib/gcc/powerpc-eabi/12.1.0/../../../../powerpc-eabi/lib\libc.a(lib_a-assert.o)
                                         0x43 (size before relaxing)
 .rodata._vfiprintf_r.str1.4
                0x00000000100007b3       0x2f c:/devkitpro/devkitppc/bin/../lib/gcc/powerpc-eabi/12.1.0/../../../../powerpc-eabi/lib\libc.a(lib_a-vfiprintf.o)
 *fill*         0x00000000100007b3        0x1 
 .rodata._vfiprintf_r
                0x00000000100007b4      0x16c c:/devkitpro/devkitppc/bin/../lib/gcc/powerpc-eabi/12.1.0/../../../../powerpc-eabi/lib\libc.a(lib_a-vfiprintf.o)
 .rodata.zeroes.0
                0x0000000010000920       0x10 c:/devkitpro/devkitppc/bin/../lib/gcc/powerpc-eabi/12.1.0/../../../../powerpc-eabi/lib\libc.a(lib_a-vfiprintf.o)
 .rodata.blanks.1
                0x0000000010000930       0x10 c:/devkitpro/devkitppc/bin/../lib/gcc/powerpc-eabi/12.1.0/../../../../powerpc-eabi/lib\libc.a(lib_a-vfiprintf.o)
 *(.rodata1)
 *(.gcc_except_table .gcc_except_table.*)
 *(.gnu_extab*)
                0x0000000010000940                . = ALIGN (0x4)
                [!provide]                        PROVIDE (__preinit_array_start = .)
 *(.preinit_array)
                [!provide]                        PROVIDE (__preinit_array_end = .)
                [!provide]                        PROVIDE (__init_array_start = .)
 *crtbegin.o(.ctors)
 .ctors         0x0000000010000940        0x4 c:/devkitpro/devkitppc/bin/../lib/gcc/powerpc-eabi/12.1.0/crtbegin.o
 *crtbegin?.o(.ctors)
 *(SORT_BY_INIT_PRIORITY(.init_array.*) SORT_BY_INIT_PRIORITY(.ctors.*))
 *(.init_array EXCLUDE_FILE(*crtend?.o *crtend.o *crtbegin?.o *crtbegin.o) .ctors)
 .ctors         0x0000000010000944        0x0 c:/devkitpro/devkitppc/bin/../lib/gcc/powerpc-eabi/12.1.0/ecrti.o
                0x0000000010000944                __CTOR_LIST__
 .ctors         0x0000000010000944        0x0 c:/devkitpro/devkitppc/bin/../lib/gcc/powerpc-eabi/12.1.0/ecrtn.o
                0x0000000010000944                __CTOR_END__
 *(SORT_BY_NAME(.ctors.*))
 *(.ctors)
 .ctors         0x0000000010000944        0x4 c:/devkitpro/devkitppc/bin/../lib/gcc/powerpc-eabi/12.1.0/crtend.o
                [!provide]                        PROVIDE (__init_array_end = .)
                [!provide]                        PROVIDE (__fini_array_start = .)
 *crtbegin.o(.dtors)
 .dtors         0x0000000010000948        0x4 c:/devkitpro/devkitppc/bin/../lib/gcc/powerpc-eabi/12.1.0/crtbegin.o
 *crtbegin?.o(.dtors)
 *(SORT_BY_INIT_PRIORITY(.fini_array.*) SORT_BY_INIT_PRIORITY(.dtors.*))
 *(.fini_array EXCLUDE_FILE(*crtend?.o *crtend.o *crtbegin?.o *crtbegin.o) .dtors)
 .dtors         0x000000001000094c        0x0 c:/devkitpro/devkitppc/bin/../lib/gcc/powerpc-eabi/12.1.0/ecrti.o
                0x000000001000094c                __DTOR_LIST__
 .dtors         0x000000001000094c        0x0 c:/devkitpro/devkitppc/bin/../lib/gcc/powerpc-eabi/12.1.0/ecrtn.o
 *(SORT_BY_NAME(.dtors.*))
 *(.dtors)
 .dtors         0x000000001000094c        0x4 c:/devkitpro/devkitppc/bin/../lib/gcc/powerpc-eabi/12.1.0/crtend.o
                0x000000001000094c                __DTOR_END__
                [!provide]                        PROVIDE (__fini_array_end = .)
 *(.jcr)
 *(.fixup)
 *(.got1)
 *(.got2)
 .got2          0x0000000010000950       0x1c c:/devkitpro/devkitppc/bin/../lib/gcc/powerpc-eabi/12.1.0\libgcc.a(eabi.o)
 *(.branch_lt)
 .branch_lt     0x000000001000096c        0x0 c:/devkitpro/devkitppc/bin/../lib/gcc/powerpc-eabi/12.1.0/crtbegin.o
 *(.got)
 *(.plt)
 *(.tm_clone_table)

.eh_frame       0x000000001000096c     0x2a8c
 *(.eh_frame_hdr)
 *(.eh_frame_entry .eh_frame_entry.*)
 *(.eh_frame)
 .eh_frame      0x000000001000096c        0x0 c:/devkitpro/devkitppc/bin/../lib/gcc/powerpc-eabi/12.1.0/ecrti.o
                0x000000001000096c                __EH_FRAME_BEGIN__
 .eh_frame      0x000000001000096c        0x0 c:/devkitpro/devkitppc/bin/../lib/gcc/powerpc-eabi/12.1.0/crtbegin.o
 .eh_frame      0x000000001000096c        0x0 c:/devkitpro/devkitppc/bin/../lib/gcc/powerpc-eabi/12.1.0/crtbegin.o
 .eh_frame      0x000000001000096c       0x54 main.o
 .eh_frame      0x00000000100009c0       0x20 C:/devkitPro/wut/lib\libwut.a(wut_preinit.o)
                                         0x34 (size before relaxing)
 .eh_frame      0x00000000100009e0       0x48 C:/devkitPro/wut/lib\libwut.a(wut_crt.o)
                                         0x5c (size before relaxing)
 .eh_frame      0x0000000010000a28       0xdc C:/devkitPro/wut/lib\libwut.a(wut_newlib.o)
                                        0x154 (size before relaxing)
 .eh_frame      0x0000000010000b04        0x0 C:/devkitPro/wut/lib\libwut.a(wut_gettod_r.o)
                                         0x54 (size before relaxing)
 .eh_frame      0x0000000010000b04        0x0 C:/devkitPro/wut/lib\libwut.a(wut_nanosleep.o)
                                         0x4c (size before relaxing)
 .eh_frame      0x0000000010000b04       0xa4 C:/devkitPro/wut/lib\libwut.a(wut_sbrk.o)
                                         0xb8 (size before relaxing)
 .eh_frame      0x0000000010000ba8       0x3c C:/devkitPro/wut/lib\libwut.a(wut_malloc_lock.o)
                                         0x50 (size before relaxing)
 .eh_frame      0x0000000010000be4       0x98 C:/devkitPro/wut/lib\libwut.a(devoptab_fs.o)
                                         0xac (size before relaxing)
 .eh_frame      0x0000000010000c7c       0x38 C:/devkitPro/wut/lib\libwut.a(devoptab_fs_dirclose.o)
                                         0x4c (size before relaxing)
 .eh_frame      0x0000000010000cb4       0x7c C:/devkitPro/wut/lib\libwut.a(devoptab_fs_seek.o)
                                         0x90 (size before relaxing)
 .eh_frame      0x0000000010000d30       0x38 C:/devkitPro/wut/lib\libwut.a(devoptab_fs_dirreset.o)
                                         0x4c (size before relaxing)
 .eh_frame      0x0000000010000d68       0x50 C:/devkitPro/wut/lib\libwut.a(devoptab_fs_rmdir.o)
                                         0x64 (size before relaxing)
 .eh_frame      0x0000000010000db8       0x38 C:/devkitPro/wut/lib\libwut.a(devoptab_fs_close.o)
                                         0x4c (size before relaxing)
 .eh_frame      0x0000000010000df0       0x7c C:/devkitPro/wut/lib\libwut.a(devoptab_fs_write.o)
                                         0x90 (size before relaxing)
 .eh_frame      0x0000000010000e6c       0x50 C:/devkitPro/wut/lib\libwut.a(devoptab_fs_chmod.o)
                                         0x64 (size before relaxing)
 .eh_frame      0x0000000010000ebc       0x14 C:/devkitPro/wut/lib\libwut.a(devoptab_fs_fchmod.o)
                                         0x28 (size before relaxing)
 .eh_frame      0x0000000010000ed0       0x50 C:/devkitPro/wut/lib\libwut.a(devoptab_fs_mkdir.o)
                                         0x64 (size before relaxing)
 .eh_frame      0x0000000010000f20       0x64 C:/devkitPro/wut/lib\libwut.a(devoptab_fs_dirnext.o)
                                         0x78 (size before relaxing)
 .eh_frame      0x0000000010000f84       0x48 C:/devkitPro/wut/lib\libwut.a(devoptab_fs_truncate.o)
                                         0x5c (size before relaxing)
 .eh_frame      0x0000000010000fcc       0x14 C:/devkitPro/wut/lib\libwut.a(devoptab_fs_statvfs.o)
                                         0x28 (size before relaxing)
 .eh_frame      0x0000000010000fe0       0x60 C:/devkitPro/wut/lib\libwut.a(devoptab_fs_rename.o)
                                         0x74 (size before relaxing)
 .eh_frame      0x0000000010001040       0x14 C:/devkitPro/wut/lib\libwut.a(devoptab_fs_utimes.o)
                                         0x28 (size before relaxing)
 .eh_frame      0x0000000010001054       0x50 C:/devkitPro/wut/lib\libwut.a(wut_defaultheap.o)
                                         0x78 (size before relaxing)
 .eh_frame      0x00000000100010a4       0x7c C:/devkitPro/wut/lib\libwut.a(log_udp.o)
                                         0x90 (size before relaxing)
 .eh_frame      0x0000000010001120       0xb4 C:/devkitPro/wut/lib\libwut.a(log.o)
                                        0x12c (size before relaxing)
 .eh_frame      0x00000000100011d4       0x58 C:/devkitPro/wut/lib\libwut.a(log_cafe.o)
                                         0x6c (size before relaxing)
 .eh_frame      0x000000001000122c       0xb4 C:/devkitPro/wut/lib\libwut.a(proc.o)
                                         0xdc (size before relaxing)
 .eh_frame      0x00000000100012e0       0x28 C:/devkitPro/wut/lib\libwut.a(wut_gthread.o)
                                        0x2a4 (size before relaxing)
 .eh_frame      0x0000000010001308       0x74 C:/devkitPro/wut/lib\libwut.a(wut_lock.o)
                                         0x88 (size before relaxing)
 .eh_frame      0x000000001000137c        0x0 C:/devkitPro/wut/lib\libwut.a(wut_clock.o)
                                         0xb0 (size before relaxing)
 .eh_frame      0x000000001000137c       0x64 C:/devkitPro/wut/lib\libwut.a(devoptab_fs_stat.o)
                                         0x78 (size before relaxing)
 .eh_frame      0x00000000100013e0       0x50 C:/devkitPro/wut/lib\libwut.a(devoptab_fs_chdir.o)
                                         0x64 (size before relaxing)
 .eh_frame      0x0000000010001430       0x48 C:/devkitPro/wut/lib\libwut.a(devoptab_fs_fstat.o)
                                         0x5c (size before relaxing)
 .eh_frame      0x0000000010001478       0x14 C:/devkitPro/wut/lib\libwut.a(devoptab_fs_link.o)
                                         0x28 (size before relaxing)
 .eh_frame      0x000000001000148c       0x84 C:/devkitPro/wut/lib\libwut.a(devoptab_fs_read.o)
                                         0x98 (size before relaxing)
 .eh_frame      0x0000000010001510       0xc4 C:/devkitPro/wut/lib\libwut.a(devoptab_fs_utils.o)
                                         0xf8 (size before relaxing)
 .eh_frame      0x00000000100015d4       0xd0 C:/devkitPro/wut/lib\libwut.a(devoptab_fs_open.o)
                                         0xe4 (size before relaxing)
 .eh_frame      0x00000000100016a4       0x50 C:/devkitPro/wut/lib\libwut.a(devoptab_fs_unlink.o)
                                         0x64 (size before relaxing)
 .eh_frame      0x00000000100016f4       0x38 C:/devkitPro/wut/lib\libwut.a(devoptab_fs_fsync.o)
                                         0x4c (size before relaxing)
 .eh_frame      0x000000001000172c       0x6c C:/devkitPro/wut/lib\libwut.a(devoptab_fs_diropen.o)
                                         0x80 (size before relaxing)
 .eh_frame      0x0000000010001798       0x30 C:/devkitPro/wut/lib\libwut.a(shutdown.o)
                                         0x44 (size before relaxing)
 .eh_frame      0x00000000100017c8       0x40 C:/devkitPro/wut/lib\libwut.a(setsockopt.o)
                                         0x54 (size before relaxing)
 .eh_frame      0x0000000010001808       0x44 C:/devkitPro/wut/lib\libwut.a(sendto.o)
                                         0x58 (size before relaxing)
 .eh_frame      0x000000001000184c       0x9c C:/devkitPro/wut/lib\libwut.a(wut_socket_common.o)
                                         0xd8 (size before relaxing)
 .eh_frame      0x00000000100018e8       0x14 C:/devkitPro/wut/lib\libwut.a(wut_socket_open.o)
                                         0x28 (size before relaxing)
 .eh_frame      0x00000000100018fc       0x40 C:/devkitPro/wut/lib\libwut.a(socket.o)
                                         0x54 (size before relaxing)
 .eh_frame      0x000000001000193c        0x0 C:/devkitPro/wut/lib\libwut.a(wut_gthread_once.o)
                                         0x40 (size before relaxing)
 .eh_frame      0x000000001000193c        0x0 C:/devkitPro/wut/lib\libwut.a(wut_gthread_mutex.o)
                                         0x9c (size before relaxing)
 .eh_frame      0x000000001000193c        0x0 C:/devkitPro/wut/lib\libwut.a(wut_gthread_cond.o)
                                        0x12c (size before relaxing)
 .eh_frame      0x000000001000193c        0x0 C:/devkitPro/wut/lib\libwut.a(wut_gthread_thread.o)
                                        0x11c (size before relaxing)
 .eh_frame      0x000000001000193c        0x0 C:/devkitPro/wut/lib\libwut.a(wut_gthread_keys.o)
                                        0x12c (size before relaxing)
 .eh_frame      0x000000001000193c        0x0 C:/devkitPro/wut/lib\libwut.a(wut_gthread_recursive_mutex.o)
                                         0xa8 (size before relaxing)
 .eh_frame      0x000000001000193c       0x28 C:/devkitPro/wut/lib\libwut.a(wut_socket_close.o)
                                         0x3c (size before relaxing)
 .eh_frame      0x0000000010001964       0x28 C:/devkitPro/wut/lib\libwut.a(wut_socket_read.o)
                                         0x3c (size before relaxing)
 .eh_frame      0x000000001000198c       0x28 C:/devkitPro/wut/lib\libwut.a(wut_socket_write.o)
                                         0x3c (size before relaxing)
 .eh_frame      0x00000000100019b4       0x24 c:/devkitpro/devkitppc/bin/../lib/gcc/powerpc-eabi/12.1.0\libgcc.a(_divdi3.o)
                                         0x38 (size before relaxing)
 .eh_frame      0x00000000100019d8       0x34 c:/devkitpro/devkitppc/bin/../lib/gcc/powerpc-eabi/12.1.0\libgcc.a(_udivdi3.o)
                                         0x48 (size before relaxing)
 .eh_frame      0x0000000010001a0c       0xe8 c:/devkitpro/devkitppc/bin/../lib/gcc/powerpc-eabi/12.1.0/../../../../powerpc-eabi/lib\libsysbase.a(iosupport.o)
                                        0x124 (size before relaxing)
 .eh_frame      0x0000000010001af4       0xd0 c:/devkitpro/devkitppc/bin/../lib/gcc/powerpc-eabi/12.1.0/../../../../powerpc-eabi/lib\libsysbase.a(chdir.o)
                                        0x130 (size before relaxing)
 .eh_frame      0x0000000010001bc4       0x74 c:/devkitpro/devkitppc/bin/../lib/gcc/powerpc-eabi/12.1.0/../../../../powerpc-eabi/lib\libsysbase.a(handle_manager.o)
                                         0xfc (size before relaxing)
 .eh_frame      0x0000000010001c38       0x78 c:/devkitpro/devkitppc/bin/../lib/gcc/powerpc-eabi/12.1.0/../../../../powerpc-eabi/lib\libsysbase.a(syscall_support.o)
                                         0x8c (size before relaxing)
 .eh_frame      0x0000000010001cb0        0x0 c:/devkitpro/devkitppc/bin/../lib/gcc/powerpc-eabi/12.1.0/../../../../powerpc-eabi/lib\libc.a(lib_a-calloc.o)
                                         0x28 (size before relaxing)
 .eh_frame      0x0000000010001cb0       0x44 c:/devkitpro/devkitppc/bin/../lib/gcc/powerpc-eabi/12.1.0/../../../../powerpc-eabi/lib\libc.a(lib_a-callocr.o)
                                         0x58 (size before relaxing)
 .eh_frame      0x0000000010001cf4        0x0 c:/devkitpro/devkitppc/bin/../lib/gcc/powerpc-eabi/12.1.0/../../../../powerpc-eabi/lib\libc.a(lib_a-ctype_.o)
                                         0x28 (size before relaxing)
 .eh_frame      0x0000000010001cf4       0x14 c:/devkitpro/devkitppc/bin/../lib/gcc/powerpc-eabi/12.1.0/../../../../powerpc-eabi/lib\libc.a(lib_a-errno.o)
                                         0x28 (size before relaxing)
 .eh_frame      0x0000000010001d08       0x20 c:/devkitpro/devkitppc/bin/../lib/gcc/powerpc-eabi/12.1.0/../../../../powerpc-eabi/lib\libc.a(lib_a-exit.o)
                                         0x34 (size before relaxing)
 .eh_frame      0x0000000010001d28       0x14 c:/devkitpro/devkitppc/bin/../lib/gcc/powerpc-eabi/12.1.0/../../../../powerpc-eabi/lib\libc.a(lib_a-malign.o)
                                         0x28 (size before relaxing)
 .eh_frame      0x0000000010001d3c       0x58 c:/devkitpro/devkitppc/bin/../lib/gcc/powerpc-eabi/12.1.0/../../../../powerpc-eabi/lib\libc.a(lib_a-malignr.o)
                                         0x6c (size before relaxing)
 .eh_frame      0x0000000010001d94       0x28 c:/devkitpro/devkitppc/bin/../lib/gcc/powerpc-eabi/12.1.0/../../../../powerpc-eabi/lib\libc.a(lib_a-malloc.o)
                                         0x3c (size before relaxing)
 .eh_frame      0x0000000010001dbc       0xe4 c:/devkitpro/devkitppc/bin/../lib/gcc/powerpc-eabi/12.1.0/../../../../powerpc-eabi/lib\libc.a(lib_a-mallocr.o)
                                         0xf8 (size before relaxing)
 .eh_frame      0x0000000010001ea0       0x14 c:/devkitpro/devkitppc/bin/../lib/gcc/powerpc-eabi/12.1.0/../../../../powerpc-eabi/lib\libc.a(lib_a-memcpy.o)
                                         0x28 (size before relaxing)
 .eh_frame      0x0000000010001eb4       0x14 c:/devkitpro/devkitppc/bin/../lib/gcc/powerpc-eabi/12.1.0/../../../../powerpc-eabi/lib\libc.a(lib_a-memset.o)
                                         0x28 (size before relaxing)
 .eh_frame      0x0000000010001ec8       0x48 c:/devkitpro/devkitppc/bin/../lib/gcc/powerpc-eabi/12.1.0/../../../../powerpc-eabi/lib\libc.a(lib_a-snprintf.o)
                                         0xa4 (size before relaxing)
 .eh_frame      0x0000000010001f10       0x14 c:/devkitpro/devkitppc/bin/../lib/gcc/powerpc-eabi/12.1.0/../../../../powerpc-eabi/lib\libc.a(lib_a-strchr.o)
                                         0x28 (size before relaxing)
 .eh_frame      0x0000000010001f24       0x14 c:/devkitpro/devkitppc/bin/../lib/gcc/powerpc-eabi/12.1.0/../../../../powerpc-eabi/lib\libc.a(lib_a-strcmp.o)
                                         0x28 (size before relaxing)
 .eh_frame      0x0000000010001f38       0x14 c:/devkitpro/devkitppc/bin/../lib/gcc/powerpc-eabi/12.1.0/../../../../powerpc-eabi/lib\libc.a(lib_a-strcpy.o)
                                         0x28 (size before relaxing)
 .eh_frame      0x0000000010001f4c       0x14 c:/devkitpro/devkitppc/bin/../lib/gcc/powerpc-eabi/12.1.0/../../../../powerpc-eabi/lib\libc.a(lib_a-strlen.o)
                                         0x28 (size before relaxing)
 .eh_frame      0x0000000010001f60       0x14 c:/devkitpro/devkitppc/bin/../lib/gcc/powerpc-eabi/12.1.0/../../../../powerpc-eabi/lib\libc.a(lib_a-strncmp.o)
                                         0x28 (size before relaxing)
 .eh_frame      0x0000000010001f74       0x14 c:/devkitpro/devkitppc/bin/../lib/gcc/powerpc-eabi/12.1.0/../../../../powerpc-eabi/lib\libc.a(lib_a-strncpy.o)
                                         0x28 (size before relaxing)
 .eh_frame      0x0000000010001f88       0x14 c:/devkitpro/devkitppc/bin/../lib/gcc/powerpc-eabi/12.1.0/../../../../powerpc-eabi/lib\libc.a(lib_a-strnlen.o)
                                         0x28 (size before relaxing)
 .eh_frame      0x0000000010001f9c       0x34 c:/devkitpro/devkitppc/bin/../lib/gcc/powerpc-eabi/12.1.0/../../../../powerpc-eabi/lib\libc.a(lib_a-strrchr.o)
                                         0x48 (size before relaxing)
 .eh_frame      0x0000000010001fd0      0x180 c:/devkitpro/devkitppc/bin/../lib/gcc/powerpc-eabi/12.1.0/../../../../powerpc-eabi/lib\libc.a(lib_a-svfprintf.o)
                                        0x194 (size before relaxing)
 .eh_frame      0x0000000010002150       0x14 c:/devkitpro/devkitppc/bin/../lib/gcc/powerpc-eabi/12.1.0/../../../../powerpc-eabi/lib\libc.a(lib_a-sysclose.o)
                                         0x28 (size before relaxing)
 .eh_frame      0x0000000010002164       0x48 c:/devkitpro/devkitppc/bin/../lib/gcc/powerpc-eabi/12.1.0/../../../../powerpc-eabi/lib\libc.a(lib_a-vsnprintf.o)
                                         0xa4 (size before relaxing)
 .eh_frame      0x00000000100021ac       0x38 c:/devkitpro/devkitppc/bin/../lib/gcc/powerpc-eabi/12.1.0/../../../../powerpc-eabi/lib\libc.a(lib_a-wcrtomb.o)
                                         0x84 (size before relaxing)
 .eh_frame      0x00000000100021e4       0x14 c:/devkitpro/devkitppc/bin/../lib/gcc/powerpc-eabi/12.1.0/../../../../powerpc-eabi/lib\libc.a(lib_a-wcsrtombs.o)
                                         0x3c (size before relaxing)
 .eh_frame      0x00000000100021f8       0x74 c:/devkitpro/devkitppc/bin/../lib/gcc/powerpc-eabi/12.1.0/../../../../powerpc-eabi/lib\libc.a(lib_a-__call_atexit.o)
                                         0x88 (size before relaxing)
 .eh_frame      0x000000001000226c      0x12c c:/devkitpro/devkitppc/bin/../lib/gcc/powerpc-eabi/12.1.0/../../../../powerpc-eabi/lib\libc.a(lib_a-dtoa.o)
                                        0x140 (size before relaxing)
 .eh_frame      0x0000000010002398       0x8c c:/devkitpro/devkitppc/bin/../lib/gcc/powerpc-eabi/12.1.0/../../../../powerpc-eabi/lib\libc.a(lib_a-freer.o)
                                         0xa0 (size before relaxing)
 .eh_frame      0x0000000010002424       0x14 c:/devkitpro/devkitppc/bin/../lib/gcc/powerpc-eabi/12.1.0/../../../../powerpc-eabi/lib\libc.a(lib_a-localeconv.o)
                                         0x50 (size before relaxing)
 .eh_frame      0x0000000010002438       0x14 c:/devkitpro/devkitppc/bin/../lib/gcc/powerpc-eabi/12.1.0/../../../../powerpc-eabi/lib\libc.a(lib_a-locale.o)
                                        0x24c (size before relaxing)
 .eh_frame      0x000000001000244c       0x38 c:/devkitpro/devkitppc/bin/../lib/gcc/powerpc-eabi/12.1.0/../../../../powerpc-eabi/lib\libc.a(lib_a-mbtowc_r.o)
                                        0x14c (size before relaxing)
 .eh_frame      0x0000000010002484       0x14 c:/devkitpro/devkitppc/bin/../lib/gcc/powerpc-eabi/12.1.0/../../../../powerpc-eabi/lib\libc.a(lib_a-memchr.o)
                                         0x28 (size before relaxing)
 .eh_frame      0x0000000010002498      0x2b4 c:/devkitpro/devkitppc/bin/../lib/gcc/powerpc-eabi/12.1.0/../../../../powerpc-eabi/lib\libc.a(lib_a-mprec.o)
                                        0x3fc (size before relaxing)
 .eh_frame      0x000000001000274c       0x1c c:/devkitpro/devkitppc/bin/../lib/gcc/powerpc-eabi/12.1.0/../../../../powerpc-eabi/lib\libc.a(lib_a-s_frexp.o)
                                         0x30 (size before relaxing)
 .eh_frame      0x0000000010002768        0x0 c:/devkitpro/devkitppc/bin/../lib/gcc/powerpc-eabi/12.1.0/../../../../powerpc-eabi/lib\libc.a(lib_a-strcasecmp.o)
                                         0x28 (size before relaxing)
 .eh_frame      0x0000000010002768        0x0 c:/devkitpro/devkitppc/bin/../lib/gcc/powerpc-eabi/12.1.0/../../../../powerpc-eabi/lib\libc.a(lib_a-strcat.o)
                                         0x3c (size before relaxing)
 .eh_frame      0x0000000010002768        0x0 c:/devkitpro/devkitppc/bin/../lib/gcc/powerpc-eabi/12.1.0/../../../../powerpc-eabi/lib\libc.a(lib_a-strlcpy.o)
                                         0x28 (size before relaxing)
 .eh_frame      0x0000000010002768        0x0 c:/devkitpro/devkitppc/bin/../lib/gcc/powerpc-eabi/12.1.0/../../../../powerpc-eabi/lib\libc.a(lib_a-strncasecmp.o)
                                         0x28 (size before relaxing)
 .eh_frame      0x0000000010002768        0x0 c:/devkitpro/devkitppc/bin/../lib/gcc/powerpc-eabi/12.1.0/../../../../powerpc-eabi/lib\libc.a(lib_a-strtol.o)
                                         0x94 (size before relaxing)
 .eh_frame      0x0000000010002768       0x88 c:/devkitpro/devkitppc/bin/../lib/gcc/powerpc-eabi/12.1.0/../../../../powerpc-eabi/lib\libc.a(lib_a-svfiprintf.o)
                                        0x1c8 (size before relaxing)
 .eh_frame      0x00000000100027f0       0xc0 c:/devkitpro/devkitppc/bin/../lib/gcc/powerpc-eabi/12.1.0/../../../../powerpc-eabi/lib\libc.a(lib_a-wcsnrtombs.o)
                                         0xe8 (size before relaxing)
 .eh_frame      0x00000000100028b0       0x14 c:/devkitpro/devkitppc/bin/../lib/gcc/powerpc-eabi/12.1.0/../../../../powerpc-eabi/lib\libc.a(lib_a-wctomb_r.o)
                                         0x8c (size before relaxing)
 .eh_frame      0x00000000100028c4       0x18 c:/devkitpro/devkitppc/bin/../lib/gcc/powerpc-eabi/12.1.0/../../../../powerpc-eabi/lib\libc.a(lib_a-assert.o)
                                         0x44 (size before relaxing)
 .eh_frame      0x00000000100028dc       0x20 c:/devkitpro/devkitppc/bin/../lib/gcc/powerpc-eabi/12.1.0/../../../../powerpc-eabi/lib\libc.a(lib_a-fiprintf.o)
                                         0x54 (size before relaxing)
 .eh_frame      0x00000000100028fc        0x0 c:/devkitpro/devkitppc/bin/../lib/gcc/powerpc-eabi/12.1.0/../../../../powerpc-eabi/lib\libc.a(lib_a-getenv_r.o)
                                         0xac (size before relaxing)
 .eh_frame      0x00000000100028fc       0x14 c:/devkitpro/devkitppc/bin/../lib/gcc/powerpc-eabi/12.1.0/../../../../powerpc-eabi/lib\libc.a(lib_a-memmove.o)
                                         0x28 (size before relaxing)
 .eh_frame      0x0000000010002910       0xf4 c:/devkitpro/devkitppc/bin/../lib/gcc/powerpc-eabi/12.1.0/../../../../powerpc-eabi/lib\libc.a(lib_a-reallocr.o)
                                        0x108 (size before relaxing)
 .eh_frame      0x0000000010002a04      0x260 c:/devkitpro/devkitppc/bin/../lib/gcc/powerpc-eabi/12.1.0/../../../../powerpc-eabi/lib\libc.a(lib_a-vfiprintf.o)
                                        0x29c (size before relaxing)
 .eh_frame      0x0000000010002c64       0x44 c:/devkitpro/devkitppc/bin/../lib/gcc/powerpc-eabi/12.1.0/../../../../powerpc-eabi/lib\libc.a(lib_a-wsetup.o)
                                         0x58 (size before relaxing)
 .eh_frame      0x0000000010002ca8       0x18 c:/devkitpro/devkitppc/bin/../lib/gcc/powerpc-eabi/12.1.0/../../../../powerpc-eabi/lib\libc.a(lib_a-abort.o)
                                         0x2c (size before relaxing)
 .eh_frame      0x0000000010002cc0        0x0 c:/devkitpro/devkitppc/bin/../lib/gcc/powerpc-eabi/12.1.0/../../../../powerpc-eabi/lib\libc.a(lib_a-envlock.o)
                                         0x58 (size before relaxing)
 .eh_frame      0x0000000010002cc0       0xe0 c:/devkitpro/devkitppc/bin/../lib/gcc/powerpc-eabi/12.1.0/../../../../powerpc-eabi/lib\libc.a(lib_a-fflush.o)
                                        0x140 (size before relaxing)
 .eh_frame      0x0000000010002da0       0xa4 c:/devkitpro/devkitppc/bin/../lib/gcc/powerpc-eabi/12.1.0/../../../../powerpc-eabi/lib\libc.a(lib_a-findfp.o)
                                        0x204 (size before relaxing)
 .eh_frame      0x0000000010002e44       0xac c:/devkitpro/devkitppc/bin/../lib/gcc/powerpc-eabi/12.1.0/../../../../powerpc-eabi/lib\libc.a(lib_a-fputwc.o)
                                         0xfc (size before relaxing)
 .eh_frame      0x0000000010002ef0       0xf4 c:/devkitpro/devkitppc/bin/../lib/gcc/powerpc-eabi/12.1.0/../../../../powerpc-eabi/lib\libc.a(lib_a-fvwrite.o)
                                        0x108 (size before relaxing)
 .eh_frame      0x0000000010002fe4       0x34 c:/devkitpro/devkitppc/bin/../lib/gcc/powerpc-eabi/12.1.0/../../../../powerpc-eabi/lib\libc.a(lib_a-fwalk.o)
                                         0x78 (size before relaxing)
 .eh_frame      0x0000000010003018       0x48 c:/devkitpro/devkitppc/bin/../lib/gcc/powerpc-eabi/12.1.0/../../../../powerpc-eabi/lib\libc.a(lib_a-makebuf.o)
                                         0xa0 (size before relaxing)
 .eh_frame      0x0000000010003060       0x58 c:/devkitpro/devkitppc/bin/../lib/gcc/powerpc-eabi/12.1.0/../../../../powerpc-eabi/lib\libc.a(lib_a-signal.o)
                                        0x24c (size before relaxing)
 .eh_frame      0x00000000100030b8       0xb0 c:/devkitpro/devkitppc/bin/../lib/gcc/powerpc-eabi/12.1.0/../../../../powerpc-eabi/lib\libc.a(lib_a-stdio.o)
                                         0xd8 (size before relaxing)
 .eh_frame      0x0000000010003168       0x34 c:/devkitpro/devkitppc/bin/../lib/gcc/powerpc-eabi/12.1.0/../../../../powerpc-eabi/lib\libc.a(lib_a-wbuf.o)
                                         0x5c (size before relaxing)
 .eh_frame      0x000000001000319c       0x70 c:/devkitpro/devkitppc/bin/../lib/gcc/powerpc-eabi/12.1.0/../../../../powerpc-eabi/lib\libc.a(lib_a-fclose.o)
                                         0x98 (size before relaxing)
 .eh_frame      0x000000001000320c       0x54 c:/devkitpro/devkitppc/bin/../lib/gcc/powerpc-eabi/12.1.0/../../../../powerpc-eabi/lib\libsysbase.a(close.o)
                                         0x68 (size before relaxing)
 .eh_frame      0x0000000010003260       0x34 c:/devkitpro/devkitppc/bin/../lib/gcc/powerpc-eabi/12.1.0/../../../../powerpc-eabi/lib\libsysbase.a(fstat.o)
                                         0x48 (size before relaxing)
 .eh_frame      0x0000000010003294       0x14 c:/devkitpro/devkitppc/bin/../lib/gcc/powerpc-eabi/12.1.0/../../../../powerpc-eabi/lib\libsysbase.a(getpid.o)
                                         0x28 (size before relaxing)
 .eh_frame      0x00000000100032a8       0x14 c:/devkitpro/devkitppc/bin/../lib/gcc/powerpc-eabi/12.1.0/../../../../powerpc-eabi/lib\libsysbase.a(isatty.o)
                                         0x28 (size before relaxing)
 .eh_frame      0x00000000100032bc       0x14 c:/devkitpro/devkitppc/bin/../lib/gcc/powerpc-eabi/12.1.0/../../../../powerpc-eabi/lib\libsysbase.a(kill.o)
                                         0x28 (size before relaxing)
 .eh_frame      0x00000000100032d0       0x3c c:/devkitpro/devkitppc/bin/../lib/gcc/powerpc-eabi/12.1.0/../../../../powerpc-eabi/lib\libsysbase.a(lseek.o)
                                         0x50 (size before relaxing)
 .eh_frame      0x000000001000330c       0x38 c:/devkitpro/devkitppc/bin/../lib/gcc/powerpc-eabi/12.1.0/../../../../powerpc-eabi/lib\libsysbase.a(read.o)
                                         0x4c (size before relaxing)
 .eh_frame      0x0000000010003344       0x14 c:/devkitpro/devkitppc/bin/../lib/gcc/powerpc-eabi/12.1.0/../../../../powerpc-eabi/lib\libsysbase.a(sbrk.o)
                                         0x28 (size before relaxing)
 .eh_frame      0x0000000010003358       0x38 c:/devkitpro/devkitppc/bin/../lib/gcc/powerpc-eabi/12.1.0/../../../../powerpc-eabi/lib\libsysbase.a(write.o)
                                         0x4c (size before relaxing)
 .eh_frame      0x0000000010003390       0x20 c:/devkitpro/devkitppc/bin/../lib/gcc/powerpc-eabi/12.1.0/../../../../powerpc-eabi/lib\libsysbase.a(_exit.o)
                                         0x34 (size before relaxing)
 .eh_frame      0x00000000100033b0       0x44 c:/devkitpro/devkitppc/bin/../lib/gcc/powerpc-eabi/12.1.0/../../../../powerpc-eabi/lib\libsysbase.a(flock.o)
                                         0x58 (size before relaxing)
 .eh_frame      0x00000000100033f4        0x0 c:/devkitpro/devkitppc/bin/../lib/gcc/powerpc-eabi/12.1.0/crtend.o
                                          0x4 (size before relaxing)
 .eh_frame      0x00000000100033f4        0x4 c:/devkitpro/devkitppc/bin/../lib/gcc/powerpc-eabi/12.1.0/ecrtn.o
                0x00000000100033f4                __EH_FRAME_END__
 *(.eh_frame.*)

.data           0x00000000100033f8     0x2b1c
 *(.data .data.* .gnu.linkonce.d.*)
 .data.__wut_fs_devoptab
                0x00000000100033f8       0x70 C:/devkitPro/wut/lib\libwut.a(devoptab_fs.o)
 .data.sSocket  0x0000000010003468        0x4 C:/devkitPro/wut/lib\libwut.a(log_udp.o)
 .data.__wut_socket_devoptab
                0x000000001000346c       0x70 C:/devkitPro/wut/lib\libwut.a(wut_socket_common.o)
 .data          0x00000000100034dc        0x4 c:/devkitpro/devkitppc/bin/../lib/gcc/powerpc-eabi/12.1.0\libgcc.a(eabi.o)
 .data.devoptab_list
                0x00000000100034e0       0x40 c:/devkitpro/devkitppc/bin/../lib/gcc/powerpc-eabi/12.1.0/../../../../powerpc-eabi/lib\libsysbase.a(iosupport.o)
                0x00000000100034e0                devoptab_list
 .data.defaultDevice
                0x0000000010003520        0x4 c:/devkitpro/devkitppc/bin/../lib/gcc/powerpc-eabi/12.1.0/../../../../powerpc-eabi/lib\libsysbase.a(iosupport.o)
 .data._current_working_directory
                0x0000000010003524     0x1000 c:/devkitpro/devkitppc/bin/../lib/gcc/powerpc-eabi/12.1.0/../../../../powerpc-eabi/lib\libsysbase.a(chdir.o)
 .data.handles  0x0000000010004524     0x1000 c:/devkitpro/devkitppc/bin/../lib/gcc/powerpc-eabi/12.1.0/../../../../powerpc-eabi/lib\libsysbase.a(handle_manager.o)
 .data.__stderr_handle
                0x0000000010005524        0xc c:/devkitpro/devkitppc/bin/../lib/gcc/powerpc-eabi/12.1.0/../../../../powerpc-eabi/lib\libsysbase.a(handle_manager.o)
 .data.__stdout_handle
                0x0000000010005530        0xc c:/devkitpro/devkitppc/bin/../lib/gcc/powerpc-eabi/12.1.0/../../../../powerpc-eabi/lib\libsysbase.a(handle_manager.o)
 .data.__stdin_handle
                0x000000001000553c        0xc c:/devkitpro/devkitppc/bin/../lib/gcc/powerpc-eabi/12.1.0/../../../../powerpc-eabi/lib\libsysbase.a(handle_manager.o)
 .data.impure_data
                0x0000000010005548      0x448 c:/devkitpro/devkitppc/bin/../lib/gcc/powerpc-eabi/12.1.0/../../../../powerpc-eabi/lib\libc.a(lib_a-impure.o)
 .data.__malloc_av_
                0x0000000010005990      0x408 c:/devkitpro/devkitppc/bin/../lib/gcc/powerpc-eabi/12.1.0/../../../../powerpc-eabi/lib\libc.a(lib_a-mallocr.o)
                0x0000000010005990                __malloc_av_
 .data.__global_locale
                0x0000000010005d98      0x16c c:/devkitpro/devkitppc/bin/../lib/gcc/powerpc-eabi/12.1.0/../../../../powerpc-eabi/lib\libc.a(lib_a-locale.o)
                0x0000000010005d98                __global_locale
 *(.data1)
 *(.sdata .sdata.* .gnu.linkonce.s.*)
 .sdata         0x0000000010005f04        0x0 c:/devkitpro/devkitppc/bin/../lib/gcc/powerpc-eabi/12.1.0/ecrti.o
                0x0000000010005f04                __SDATA_START__
 .sdata         0x0000000010005f04        0x0 c:/devkitpro/devkitppc/bin/../lib/gcc/powerpc-eabi/12.1.0/crtbegin.o
                0x000000001000df04                _SDA_BASE_
 .sdata         0x0000000010005f04        0x8 c:/devkitpro/devkitppc/bin/../lib/gcc/powerpc-eabi/12.1.0/../../../../powerpc-eabi/lib\libc.a(lib_a-impure.o)
                0x0000000010005f04                _global_impure_ptr
                0x0000000010005f08                _impure_ptr
 .sdata.__malloc_sbrk_base
                0x0000000010005f0c        0x4 c:/devkitpro/devkitppc/bin/../lib/gcc/powerpc-eabi/12.1.0/../../../../powerpc-eabi/lib\libc.a(lib_a-mallocr.o)
                0x0000000010005f0c                __malloc_sbrk_base
 .sdata.__malloc_trim_threshold
                0x0000000010005f10        0x4 c:/devkitpro/devkitppc/bin/../lib/gcc/powerpc-eabi/12.1.0/../../../../powerpc-eabi/lib\libc.a(lib_a-mallocr.o)
                0x0000000010005f10                __malloc_trim_threshold

.bss            0x0000000010005f20     0x143c
 *(.dynsbss)
 *(.sbss .sbss.* .gnu.linkonce.sb.*)
 .sbss.__wut_exit
                0x0000000010005f20        0x4 C:/devkitPro/wut/lib\libwut.a(wut_newlib.o)
                0x0000000010005f20                __wut_exit
 .sbss.__wut_devoptab_fs_client
                0x0000000010005f24        0x4 C:/devkitPro/wut/lib\libwut.a(devoptab_fs.o)
                0x0000000010005f24                __wut_devoptab_fs_client
 .sbss.__malloc_max_total_mem
                0x0000000010005f28        0x4 c:/devkitpro/devkitppc/bin/../lib/gcc/powerpc-eabi/12.1.0/../../../../powerpc-eabi/lib\libc.a(lib_a-mallocr.o)
                0x0000000010005f28                __malloc_max_total_mem
 .sbss.__malloc_max_sbrked_mem
                0x0000000010005f2c        0x4 c:/devkitpro/devkitppc/bin/../lib/gcc/powerpc-eabi/12.1.0/../../../../powerpc-eabi/lib\libc.a(lib_a-mallocr.o)
                0x0000000010005f2c                __malloc_max_sbrked_mem
 .sbss.__malloc_top_pad
                0x0000000010005f30        0x4 c:/devkitpro/devkitppc/bin/../lib/gcc/powerpc-eabi/12.1.0/../../../../powerpc-eabi/lib\libc.a(lib_a-mallocr.o)
                0x0000000010005f30                __malloc_top_pad
 .sbss.__atexit_recursive_mutex
                0x0000000010005f34        0x4 c:/devkitpro/devkitppc/bin/../lib/gcc/powerpc-eabi/12.1.0/../../../../powerpc-eabi/lib\libc.a(lib_a-__call_atexit.o)
                0x0000000010005f34                __atexit_recursive_mutex
 .sbss          0x0000000010005f38        0x0 c:/devkitpro/devkitppc/bin/../lib/gcc/powerpc-eabi/12.1.0/ecrtn.o
                0x0000000010005f38                __SBSS_END__
 *(.scommon)
 *(.dynbss)
 *(.bss .bss.* .gnu.linkonce.b.*)
 .bss.completed.2
                0x0000000010005f38        0x1 c:/devkitpro/devkitppc/bin/../lib/gcc/powerpc-eabi/12.1.0/crtbegin.o
 *fill*         0x0000000010005f39        0x3 
 .bss.dtor_idx.1
                0x0000000010005f3c        0x4 c:/devkitpro/devkitppc/bin/../lib/gcc/powerpc-eabi/12.1.0/crtbegin.o
 .bss.object.0  0x0000000010005f40       0x18 c:/devkitpro/devkitppc/bin/../lib/gcc/powerpc-eabi/12.1.0/crtbegin.o
 .bss.sHeapSize
                0x0000000010005f58        0x4 C:/devkitPro/wut/lib\libwut.a(wut_sbrk.o)
 .bss.sHeapMaxSize
                0x0000000010005f5c        0x4 C:/devkitPro/wut/lib\libwut.a(wut_sbrk.o)
 .bss.sHeapBase
                0x0000000010005f60        0x4 C:/devkitPro/wut/lib\libwut.a(wut_sbrk.o)
 .bss.sHeapHandle
                0x0000000010005f64        0x4 C:/devkitPro/wut/lib\libwut.a(wut_sbrk.o)
 *fill*         0x0000000010005f68        0x8 
 .bss.sMallocSpinLock
                0x0000000010005f70       0x10 C:/devkitPro/wut/lib\libwut.a(wut_malloc_lock.o)
 .bss.sMountPath
                0x0000000010005f80       0x80 C:/devkitPro/wut/lib\libwut.a(devoptab_fs.o)
 .bss.__wut_sd_mounted
                0x0000000010006000        0x4 C:/devkitPro/wut/lib\libwut.a(devoptab_fs.o)
 .bss.__wut_fs_initialised
                0x0000000010006004        0x4 C:/devkitPro/wut/lib\libwut.a(devoptab_fs.o)
 .bss.sSendAddr
                0x0000000010006008       0x10 C:/devkitPro/wut/lib\libwut.a(log_udp.o)
 .bss.sHandlers
                0x0000000010006018       0x40 C:/devkitPro/wut/lib\libwut.a(log.o)
 .bss.sFromHBL  0x0000000010006058        0x4 C:/devkitPro/wut/lib\libwut.a(proc.o)
 .bss.sRunning  0x000000001000605c        0x4 C:/devkitPro/wut/lib\libwut.a(proc.o)
 .bss.sMainCore
                0x0000000010006060        0x4 C:/devkitPro/wut/lib\libwut.a(proc.o)
 .bss.sLibcLockUsedMask
                0x0000000010006064        0x4 C:/devkitPro/wut/lib\libwut.a(wut_lock.o)
 .bss.sLibcLocks
                0x0000000010006068      0x2c0 C:/devkitPro/wut/lib\libwut.a(wut_lock.o)
 .bss.temp_cwd  0x0000000010006328     0x1000 c:/devkitpro/devkitppc/bin/../lib/gcc/powerpc-eabi/12.1.0/../../../../powerpc-eabi/lib\libsysbase.a(chdir.o)
 .bss.__hndl_lock
                0x0000000010007328        0x4 c:/devkitpro/devkitppc/bin/../lib/gcc/powerpc-eabi/12.1.0/../../../../powerpc-eabi/lib\libsysbase.a(handle_manager.o)
 .bss.__malloc_current_mallinfo
                0x000000001000732c       0x28 c:/devkitpro/devkitppc/bin/../lib/gcc/powerpc-eabi/12.1.0/../../../../powerpc-eabi/lib\libc.a(lib_a-mallocr.o)
                0x000000001000732c                __malloc_current_mallinfo
 .bss.__sinit_recursive_mutex
                0x0000000010007354        0x4 c:/devkitpro/devkitppc/bin/../lib/gcc/powerpc-eabi/12.1.0/../../../../powerpc-eabi/lib\libc.a(lib_a-findfp.o)
 .bss.__sfp_recursive_mutex
                0x0000000010007358        0x4 c:/devkitpro/devkitppc/bin/../lib/gcc/powerpc-eabi/12.1.0/../../../../powerpc-eabi/lib\libc.a(lib_a-findfp.o)
 *(COMMON)

.iplt           0x0000000010007360        0x0
 .iplt          0x0000000010007360        0x0 c:/devkitpro/devkitppc/bin/../lib/gcc/powerpc-eabi/12.1.0/crtbegin.o
                0x00000000c0000000                . = ORIGIN (loadmem)

.wut_load_bounds
                0x00000000c0000000        0x4
                0x00000000c0000000        0x4 LONG 0x0

.fexports       0x00000000c0000020       0x20
 *(.fexports)
 .fexports      0x00000000c0000020       0x20 C:/devkitPro/wut/lib\libwut.a(crt0_rpx.o)

.dexports
 *(.dexports)

.fimport_avm
 *(.fimport_avm)
 *(.fimport_avm.*)

.fimport_camera
 *(.fimport_camera)
 *(.fimport_camera.*)

.fimport_coreinit
                0x00000000c0000040      0x1b0
 *(.fimport_coreinit)
 .fimport_coreinit
                0x00000000c0000040       0x18 C:/devkitPro/wut/lib\libwut.a(coreinit.o)
 *(.fimport_coreinit.*)
 .fimport_coreinit.DCFlushRange
                0x00000000c0000058        0x8 C:/devkitPro/wut/lib\libwut.a(coreinit.o)
                0x00000000c0000058                DCFlushRange
 .fimport_coreinit.FSAddClient
                0x00000000c0000060        0x8 C:/devkitPro/wut/lib\libwut.a(coreinit.o)
                0x00000000c0000060                FSAddClient
 .fimport_coreinit.FSChangeDir
                0x00000000c0000068        0x8 C:/devkitPro/wut/lib\libwut.a(coreinit.o)
                0x00000000c0000068                FSChangeDir
 .fimport_coreinit.FSChangeMode
                0x00000000c0000070        0x8 C:/devkitPro/wut/lib\libwut.a(coreinit.o)
                0x00000000c0000070                FSChangeMode
 .fimport_coreinit.FSCloseDir
                0x00000000c0000078        0x8 C:/devkitPro/wut/lib\libwut.a(coreinit.o)
                0x00000000c0000078                FSCloseDir
 .fimport_coreinit.FSCloseFile
                0x00000000c0000080        0x8 C:/devkitPro/wut/lib\libwut.a(coreinit.o)
                0x00000000c0000080                FSCloseFile
 .fimport_coreinit.FSDelClient
                0x00000000c0000088        0x8 C:/devkitPro/wut/lib\libwut.a(coreinit.o)
                0x00000000c0000088                FSDelClient
 .fimport_coreinit.FSFlushFile
                0x00000000c0000090        0x8 C:/devkitPro/wut/lib\libwut.a(coreinit.o)